Archive member included to satisfy reference by file (symbol)

c:/nxp/s32ds.3.6.6/s32ds/build_tools/gcc_v10.2/gcc-10.2-arm32-eabi/bin/../lib/gcc/arm-none-eabi/10.2.0/../../../../arm-none-eabi/lib/thumb/v7e-m+fp/hard\libc_nano.a(lib_a-memmove.o)
                              ./RTD/src/Siul2_Port_Ip.o (memmove)
c:/nxp/s32ds.3.6.6/s32ds/build_tools/gcc_v10.2/gcc-10.2-arm32-eabi/bin/../lib/gcc/arm-none-eabi/10.2.0/../../../../arm-none-eabi/lib/thumb/v7e-m+fp/hard\libc_nano.a(lib_a-memset.o)
                              ./FreeMASTER/common/freemaster_pipes.o (memset)
c:/nxp/s32ds.3.6.6/s32ds/build_tools/gcc_v10.2/gcc-10.2-arm32-eabi/bin/../lib/gcc/arm-none-eabi/10.2.0/thumb/v7e-m+fp/hard\libgcc.a(_arm_cmpdf2.o)
                              ./FreeMASTER/common/freemaster_rec.o (__aeabi_dcmplt)
C:/NXP/AMMCLIB/S32K3xx_AMMCLIB_v1.1.44/lib/s32ds_arm32/S32K3xx_AMMCLIB.a(GDFLIB_FilterMA_c.o)
                              ./src/main.o (GDFLIB_FilterMAInit_FLT)
C:/NXP/AMMCLIB/S32K3xx_AMMCLIB_v1.1.44/lib/s32ds_arm32/S32K3xx_AMMCLIB.a(GFLIB_ControllerPIpAW_c.o)
                              ./src/main.o (GFLIB_ControllerPIpAW_FLT)
C:/NXP/AMMCLIB/S32K3xx_AMMCLIB_v1.1.44/lib/s32ds_arm32/S32K3xx_AMMCLIB.a(GFLIB_Ramp_c.o)
                              ./src/main.o (GFLIB_Ramp_FLT)

Discarded input sections

 .group         0x00000000        0xc ./FreeMASTER/common/freemaster_appcmd.o
 .group         0x00000000        0xc ./FreeMASTER/common/freemaster_appcmd.o
 .group         0x00000000        0xc ./FreeMASTER/common/freemaster_appcmd.o
 .group         0x00000000        0xc ./FreeMASTER/common/freemaster_appcmd.o
 .group         0x00000000        0xc ./FreeMASTER/common/freemaster_appcmd.o
 .group         0x00000000        0xc ./FreeMASTER/common/freemaster_appcmd.o
 .group         0x00000000        0xc ./FreeMASTER/common/freemaster_appcmd.o
 .group         0x00000000        0xc ./FreeMASTER/common/freemaster_appcmd.o
 .group         0x00000000        0xc ./FreeMASTER/common/freemaster_appcmd.o
 .group         0x00000000        0xc ./FreeMASTER/common/freemaster_appcmd.o
 .group         0x00000000        0xc ./FreeMASTER/common/freemaster_appcmd.o
 .group         0x00000000        0xc ./FreeMASTER/common/freemaster_appcmd.o
 .group         0x00000000        0xc ./FreeMASTER/common/freemaster_appcmd.o
 .group         0x00000000        0xc ./FreeMASTER/common/freemaster_appcmd.o
 .group         0x00000000        0xc ./FreeMASTER/common/freemaster_appcmd.o
 .group         0x00000000        0xc ./FreeMASTER/common/freemaster_appcmd.o
 .group         0x00000000        0xc ./FreeMASTER/common/freemaster_appcmd.o
 .group         0x00000000        0xc ./FreeMASTER/common/freemaster_appcmd.o
 .group         0x00000000        0xc ./FreeMASTER/common/freemaster_appcmd.o
 .group         0x00000000        0xc ./FreeMASTER/common/freemaster_appcmd.o
 .group         0x00000000        0xc ./FreeMASTER/common/freemaster_appcmd.o
 .group         0x00000000        0xc ./FreeMASTER/common/freemaster_appcmd.o
 .group         0x00000000        0xc ./FreeMASTER/common/freemaster_appcmd.o
 .group         0x00000000        0xc ./FreeMASTER/common/freemaster_appcmd.o
 .group         0x00000000        0xc ./FreeMASTER/common/freemaster_appcmd.o
 .group         0x00000000        0xc ./FreeMASTER/common/freemaster_appcmd.o
 .group         0x00000000        0xc ./FreeMASTER/common/freemaster_appcmd.o
 .group         0x00000000        0xc ./FreeMASTER/common/freemaster_appcmd.o
 .group         0x00000000        0xc ./FreeMASTER/common/freemaster_appcmd.o
 .group         0x00000000        0xc ./FreeMASTER/common/freemaster_appcmd.o
 .data          0x00000000        0x0 ./FreeMASTER/common/freemaster_appcmd.o
 .group         0x00000000        0xc ./FreeMASTER/common/freemaster_can.o
 .group         0x00000000        0xc ./FreeMASTER/common/freemaster_can.o
 .group         0x00000000        0xc ./FreeMASTER/common/freemaster_can.o
 .group         0x00000000        0xc ./FreeMASTER/common/freemaster_can.o
 .group         0x00000000        0xc ./FreeMASTER/common/freemaster_can.o
 .group         0x00000000        0xc ./FreeMASTER/common/freemaster_can.o
 .group         0x00000000        0xc ./FreeMASTER/common/freemaster_can.o
 .group         0x00000000        0xc ./FreeMASTER/common/freemaster_can.o
 .group         0x00000000        0xc ./FreeMASTER/common/freemaster_can.o
 .group         0x00000000        0xc ./FreeMASTER/common/freemaster_can.o
 .group         0x00000000        0xc ./FreeMASTER/common/freemaster_can.o
 .group         0x00000000        0xc ./FreeMASTER/common/freemaster_can.o
 .group         0x00000000        0xc ./FreeMASTER/common/freemaster_can.o
 .group         0x00000000        0xc ./FreeMASTER/common/freemaster_can.o
 .group         0x00000000        0xc ./FreeMASTER/common/freemaster_can.o
 .group         0x00000000        0xc ./FreeMASTER/common/freemaster_can.o
[...]
Memory Configuration

Name             Origin             Length             Attributes
int_pflash       0x00400000         0x003d4000
int_dflash       0x10000000         0x00020000
int_itcm         0x00000000         0x00010000
int_dtcm         0x20000000         0x0001f000
int_stack_dtcm   0x2001f000         0x00001000
int_sram         0x20400000         0x0002ff00
int_sram_fls_rsv 0x2042ff00         0x00000100
int_sram_no_cacheable 0x20430000         0x0000ff00
int_sram_results 0x2043ff00         0x00000100
int_sram_shareable 0x20440000         0x00004000
ram_rsvd2        0x20444000         0x00000000
*default*        0x00000000         0xffffffff

Linker script and memory map

LOAD ./FreeMASTER/common/freemaster_appcmd.o
LOAD ./FreeMASTER/common/freemaster_can.o
LOAD ./FreeMASTER/common/freemaster_pdbdm.o
LOAD ./FreeMASTER/common/freemaster_pipes.o
LOAD ./FreeMASTER/common/freemaster_protocol.o
LOAD ./FreeMASTER/common/freemaster_rec.o
LOAD ./FreeMASTER/common/freemaster_scope.o
LOAD ./FreeMASTER/common/freemaster_serial.o
LOAD ./FreeMASTER/common/freemaster_sha.o
LOAD ./FreeMASTER/common/freemaster_tsa.o
LOAD ./FreeMASTER/common/freemaster_ures.o
LOAD ./FreeMASTER/common/freemaster_utils.o
LOAD ./FreeMASTER/drivers/dreg/S32K/freemaster_s32k3xx_lpuart.o
LOAD ./Project_Settings/Startup_Code/Vector_Table.o
LOAD ./Project_Settings/Startup_Code/exceptions.o
LOAD ./Project_Settings/Startup_Code/nvic.o
LOAD ./Project_Settings/Startup_Code/startup.o
LOAD ./Project_Settings/Startup_Code/startup_cm7.o
LOAD ./Project_Settings/Startup_Code/system.o
LOAD ./RTD/src/Adc_Sar_Ip.o
LOAD ./RTD/src/Adc_Sar_Ip_Irq.o
LOAD ./RTD/src/Bctu_Ip.o
LOAD ./RTD/src/Bctu_Ip_Irq.o
LOAD ./RTD/src/Clock_Ip.o
LOAD ./RTD/src/Clock_Ip_Data.o
LOAD ./RTD/src/Clock_Ip_Divider.o
LOAD ./RTD/src/Clock_Ip_DividerTrigger.o
LOAD ./RTD/src/Clock_Ip_ExtOsc.o
LOAD ./RTD/src/Clock_Ip_FracDiv.o
LOAD ./RTD/src/Clock_Ip_Frequency.o
LOAD ./RTD/src/Clock_Ip_Gate.o
LOAD ./RTD/src/Clock_Ip_IntOsc.o
LOAD ./RTD/src/Clock_Ip_Irq.o
LOAD ./RTD/src/Clock_Ip_Monitor.o
LOAD ./RTD/src/Clock_Ip_Pll.o
LOAD ./RTD/src/Clock_Ip_ProgFreqSwitch.o
LOAD ./RTD/src/Clock_Ip_Selector.o
LOAD ./RTD/src/Clock_Ip_Specific.o
LOAD ./RTD/src/Det.o
LOAD ./RTD/src/Det_stub.o
LOAD ./RTD/src/Emios_Icu_Ip.o
LOAD ./RTD/src/Emios_Icu_Ip_Irq.o
LOAD ./RTD/src/Emios_Mcl_Ip.o
LOAD ./RTD/src/Emios_Mcl_Ip_Irq.o
LOAD ./RTD/src/Emios_Pwm_Ip.o
LOAD ./RTD/src/Emios_Pwm_Ip_Irq.o
LOAD ./RTD/src/Igf_Port_Ip.o
LOAD ./RTD/src/IntCtrl_Ip.o
LOAD ./RTD/src/Lcu_Ip.o
LOAD ./RTD/src/Lcu_Ip_Hw_Access.o
LOAD ./RTD/src/Lcu_Ip_Irq.o
LOAD ./RTD/src/Lcu_Ip_Multicore.o
LOAD ./RTD/src/Lpspi_Ip.o
LOAD ./RTD/src/Lpspi_Ip_Irq.o
LOAD ./RTD/src/Lpuart_Uart_Ip.o
LOAD ./RTD/src/Lpuart_Uart_Ip_Irq.o
LOAD ./RTD/src/OsIf_Interrupts.o
LOAD ./RTD/src/OsIf_Timer.o
LOAD ./RTD/src/OsIf_Timer_System.o
LOAD ./RTD/src/OsIf_Timer_System_Internal_Systick.o
LOAD ./RTD/src/Pit_Ip.o
LOAD ./RTD/src/SchM_Adc.o
LOAD ./RTD/src/SchM_Dio.o
LOAD ./RTD/src/SchM_Gpt.o
LOAD ./RTD/src/SchM_Icu.o
LOAD ./RTD/src/SchM_Mcl.o
LOAD ./RTD/src/SchM_Mcu.o
LOAD ./RTD/src/SchM_Port.o
LOAD ./RTD/src/SchM_Pwm.o
LOAD ./RTD/src/SchM_Spi.o
LOAD ./RTD/src/SchM_Uart.o
LOAD ./RTD/src/Siul2_Dio_Ip.o
LOAD ./RTD/src/Siul2_Icu_Ip.o
LOAD ./RTD/src/Siul2_Icu_Ip_Irq.o
LOAD ./RTD/src/Siul2_Port_Ip.o
LOAD ./RTD/src/Trgmux_Ip.o
LOAD ./RTD/src/Trgmux_Ip_HwAcc.o
LOAD ./RTD/src/Tspc_Port_Ip.o
LOAD ./TPPSDK_GD3000_Driver/aml/spi_aml/spi_aml.o
LOAD ./TPPSDK_GD3000_Driver/aml/wait_aml/wait_aml.o
LOAD ./TPPSDK_GD3000_Driver/gd3000_init.o
LOAD ./TPPSDK_GD3000_Driver/tpp/tpp.o
LOAD ./board/Siul2_Port_Ip_Cfg.o
LOAD ./board/Tspc_Port_Ip_Cfg.o
LOAD ./generate/src/Adc_Sar_Ip_PBcfg.o
LOAD ./generate/src/Bctu_Ip_PBcfg.o
LOAD ./generate/src/Clock_Ip_Cfg.o
LOAD ./generate/src/Emios_Icu_Ip_SA_PBcfg.o
LOAD ./generate/src/Emios_Mcl_Ip_PBcfg.o
LOAD ./generate/src/Emios_Pwm_Ip_PBcfg.o
LOAD ./generate/src/Igf_Port_Ip_Cfg.o
LOAD ./generate/src/IntCtrl_Ip_Cfg.o
LOAD ./generate/src/Lcu_Ip_Cfg.o
LOAD ./generate/src/Lcu_Ip_PBcfg.o
LOAD ./generate/src/Lpspi_Ip_Sa_PBcfg.o
LOAD ./generate/src/Lpuart_Uart_Ip_Sa_PBcfg.o
LOAD ./generate/src/OsIf_Cfg.o
LOAD ./generate/src/Pit_Ip_PBcfg.o
LOAD ./generate/src/Siul2_Icu_Ip_SA_PBcfg.o
LOAD ./generate/src/Trgmux_Ip_Cfg.o
LOAD ./generate/src/Trgmux_Ip_PBcfg.o
LOAD ./src/actuate_s32k.o
LOAD ./src/main.o
LOAD ./src/meas_s32k.o
LOAD ./src/state_machine.o
LOAD C:\Users\Admin\AppData\Local\Temp\MCSPTE1AK344_BLDC_6Step_hall_ll.elf.Aa7RYT.ltrans0.ltrans.o
LOAD c:/nxp/s32ds.3.6.6/s32ds/build_tools/gcc_v10.2/gcc-10.2-arm32-eabi/bin/../lib/gcc/arm-none-eabi/10.2.0/../../../../arm-none-eabi/lib/thumb/v7e-m+fp/hard\libc_nano.a
LOAD c:/nxp/s32ds.3.6.6/s32ds/build_tools/gcc_v10.2/gcc-10.2-arm32-eabi/bin/../lib/gcc/arm-none-eabi/10.2.0/../../../../arm-none-eabi/lib/thumb/v7e-m+fp/hard\libm.a
LOAD c:/nxp/s32ds.3.6.6/s32ds/build_tools/gcc_v10.2/gcc-10.2-arm32-eabi/bin/../lib/gcc/arm-none-eabi/10.2.0/thumb/v7e-m+fp/hard\libgcc.a
LOAD C:/NXP/AMMCLIB/S32K3xx_AMMCLIB_v1.1.44/lib/s32ds_arm32/S32K3xx_AMMCLIB.a
START GROUP
LOAD c:/nxp/s32ds.3.6.6/s32ds/build_tools/gcc_v10.2/gcc-10.2-arm32-eabi/bin/../lib/gcc/arm-none-eabi/10.2.0/thumb/v7e-m+fp/hard\libgcc.a
LOAD c:/nxp/s32ds.3.6.6/s32ds/build_tools/gcc_v10.2/gcc-10.2-arm32-eabi/bin/../lib/gcc/arm-none-eabi/10.2.0/../../../../arm-none-eabi/lib/thumb/v7e-m+fp/hard\libg_nano.a
LOAD c:/nxp/s32ds.3.6.6/s32ds/build_tools/gcc_v10.2/gcc-10.2-arm32-eabi/bin/../lib/gcc/arm-none-eabi/10.2.0/../../../../arm-none-eabi/lib/thumb/v7e-m+fp/hard\libc_nano.a
END GROUP
START GROUP
LOAD c:/nxp/s32ds.3.6.6/s32ds/build_tools/gcc_v10.2/gcc-10.2-arm32-eabi/bin/../lib/gcc/arm-none-eabi/10.2.0/thumb/v7e-m+fp/hard\libgcc.a
LOAD c:/nxp/s32ds.3.6.6/s32ds/build_tools/gcc_v10.2/gcc-10.2-arm32-eabi/bin/../lib/gcc/arm-none-eabi/10.2.0/../../../../arm-none-eabi/lib/thumb/v7e-m+fp/hard\libc_nano.a
LOAD c:/nxp/s32ds.3.6.6/s32ds/build_tools/gcc_v10.2/gcc-10.2-arm32-eabi/bin/../lib/gcc/arm-none-eabi/10.2.0/../../../../arm-none-eabi/lib/thumb/v7e-m+fp/hard\libnosys.a
END GROUP
START GROUP
LOAD c:/nxp/s32ds.3.6.6/s32ds/build_tools/gcc_v10.2/gcc-10.2-arm32-eabi/bin/../lib/gcc/arm-none-eabi/10.2.0/thumb/v7e-m+fp/hard\libgcc.a
LOAD c:/nxp/s32ds.3.6.6/s32ds/build_tools/gcc_v10.2/gcc-10.2-arm32-eabi/bin/../lib/gcc/arm-none-eabi/10.2.0/../../../../arm-none-eabi/lib/thumb/v7e-m+fp/hard\libc_nano.a
LOAD c:/nxp/s32ds.3.6.6/s32ds/build_tools/gcc_v10.2/gcc-10.2-arm32-eabi/bin/../lib/gcc/arm-none-eabi/10.2.0/../../../../arm-none-eabi/lib/thumb/v7e-m+fp/hard\libnosys.a
END GROUP
                0x00002000                HEAP_SIZE = DEFINED (__heap_size__)?__heap_size__:0x2000
                0x20407fff                __STANDBY_RAM_LIMIT_END = 0x20407fff

.pflash         0x00400000    0x267e0
 *(.boot_header)
 .boot_header   0x00400000       0x30 ./Project_Settings/Startup_Code/startup_cm7.o
                0x00400800                . = ALIGN (0x800)
 *fill*         0x00400030      0x7d0 
                0x00400800                __text_start = .
                0x00400800                __interrupts_init_start = .
 *(.intc_vector)
 .intc_vector   0x00400800      0x408 ./Project_Settings/Startup_Code/Vector_Table.o
                0x00400800                VTABLE
                0x00400c08                . = ALIGN (0x4)
                0x00400c08                __interrupts_init_end = .
 *(.core_loop)
 .core_loop     0x00400c08        0xc ./Project_Settings/Startup_Code/startup_cm7.o
                0x00400c08                _core_loop
                0x00400c14                . = ALIGN (0x4)
 *(.startup)
 *fill*         0x00400c14        0xc 
 .startup       0x00400c20      0x1dc ./Project_Settings/Startup_Code/startup_cm7.o
                0x00400c20                Reset_Handler
                0x00400c20                _start
                0x00400d8c                MCAL_LTB_TRACE_OFF
                0x00400d8e                _end_of_eunit_test
                0x00400dfc                . = ALIGN (0x4)
 *(.systeminit)
                0x00400dfc                . = ALIGN (0x4)
 *(.text.startup)
 .text.startup  0x00400dfc      0x408 ./src/main.o
                0x00400dfc                main
                0x00401204                . = ALIGN (0x4)
 *(EXCLUDE_FILE(*AMCLIB_*.o *GDFLIB_*.o *GFLIB_*.o *GMCLIB_*.o) .text)
 .text          0x00401204      0x27c ./FreeMASTER/common/freemaster_appcmd.o
                0x00401204                FMSTR_InitAppCmds
                0x00401224                FMSTR_StoreAppCmd
                0x00401270                FMSTR_GetAppCmdStatus
                0x004012dc                FMSTR_GetAppCmdRespData
                0x00401344                FMSTR_AppCmdAck
                0x00401358                FMSTR_AppCmdSetResponseData
                0x0040138c                FMSTR_GetAppCmd
                0x004013b4                FMSTR_GetAppCmdData
                0x004013ec                FMSTR_RegisterAppCmdCall
 .text          0x00401480     0x4808 ./FreeMASTER/common/freemaster_pipes.o
                0x00402210                FMSTR_InitPipes
                0x00402220                FMSTR_PipeOpen
                0x00402278                FMSTR_PipeClose
                0x00402280                FMSTR_PipeWrite
                0x00402320                FMSTR_PipePuts
                0x00402408                FMSTR_PipePrintfU8
                0x004029f8                FMSTR_PipePrintfS8
                0x00403314                FMSTR_PipePrintfU16
                0x00403904                FMSTR_PipePrintfS16
                0x004042c0                FMSTR_PipePrintfU32
                0x004048a8                FMSTR_PipePrintfS32
                0x004052d8                FMSTR_PipePrintf
                0x00405968                FMSTR_PipeRead
                0x00405a0c                FMSTR_FindPipeIndex
                0x00405a20                FMSTR_GetPipe
                0x00405a94                FMSTR_PipeFrame
 .text          0x00405c88      0x528 ./FreeMASTER/common/freemaster_protocol.o
                0x00405c88                FMSTR_Init
                0x00405ce8                FMSTR_Poll
                0x00405cf4                FMSTR_SendResponse
                0x00405d20                FMSTR_SendTestFrame
                0x00405d48                _FMSTR_GetBoardConfig
                0x00405e44                FMSTR_ProtocolDecoder
                0x00406094                _FMSTR_GetAccessPassword
                0x00406098                _FMSTR_ReadMem
                0x004060e4                _FMSTR_ReadMemBaseAddress
                0x00406138                _FMSTR_WriteMem
                0x00406190                FMSTR_FreeSession
 .text          0x004061b0      0xa8c ./FreeMASTER/common/freemaster_rec.o
                0x00406344                FMSTR_InitRec
                0x0040639c                FMSTR_RecorderCreate
                0x004063fc                FMSTR_RecorderSetTimeBase
                0x00406410                FMSTR_RecorderConfigure
                0x0040649c                FMSTR_RecorderAddVariable
                0x0040659c                FMSTR_SetRecCmd
                0x004068f4                FMSTR_GetRecCmd
                0x00406a24                FMSTR_RecorderStart
                0x00406a98                FMSTR_RecorderTrigger
                0x00406ad4                FMSTR_RecorderAbort
                0x00406b14                FMSTR_IsInRecBuffer
                0x00406b38                FMSTR_Recorder
 .text          0x00406c3c      0x174 ./FreeMASTER/common/freemaster_scope.o
                0x00406c3c                FMSTR_InitScope
                0x00406c50                FMSTR_SetScope
                0x00406d40                FMSTR_ReadScope
 .text          0x00406db0      0x2fc ./FreeMASTER/common/freemaster_serial.o
                0x00406ed0                FMSTR_ProcessSerial
 .text          0x004070ac      0x25c ./FreeMASTER/common/freemaster_tsa.o
                0x004070ac                FMSTR_InitTsa
                0x004070c0                FMSTR_SetUpTsaBuff
                0x004070ec                FMSTR_TsaGetTable_dynamic_tsa
                0x00407100                FMSTR_TsaAddVar
                0x00407188                FMSTR_GetTsaInfo
                0x004071d4                FMSTR_GetStringLen
                0x004071fc                FMSTR_CheckTsaSpace
                0x004072dc                FMSTR_FindUresInTsa
 .text          0x00407308      0x210 ./FreeMASTER/common/freemaster_ures.o
                0x00407308                FMSTR_UresControl
 .text          0x00407518      0x9ec ./FreeMASTER/common/freemaster_utils.o
                0x004075ec                FMSTR_MemCpyFrom
                0x0040769c                FMSTR_MemCpyTo
                0x0040775c                _FMSTR_MemCpy
                0x00407764                FMSTR_MemCpyToMasked
                0x004078bc                FMSTR_CopyToBuffer
                0x004078cc                FMSTR_CopyFromBuffer
                0x004078dc                FMSTR_CopyFromBufferWithMask
                0x004078e8                FMSTR_AddressToBuffer
                0x004078fc                FMSTR_AddressFromBuffer
                0x00407960                FMSTR_SizeToBuffer
                0x00407974                FMSTR_SizeFromBuffer
                0x004079d8                FMSTR_IndexFromBuffer
                0x00407a58                FMSTR_ULebToBuffer
                0x00407a6c                FMSTR_ULebFromBuffer
                0x00407ad0                FMSTR_ValueFromBuffer16BE
                0x00407ae4                FMSTR_ValueToBuffer16BE
                0x00407af0                FMSTR_GetAlignmentCorrection
                0x00407b00                FMSTR_UlebDecode
                0x00407b60                FMSTR_SlebDecode
                0x00407be0                FMSTR_UlebEncode
                0x00407c9c                FMSTR_SkipInBufferLeb
                0x00407ca8                FMSTR_StringFromBuffer
                0x00407cf4                FMSTR_StringCopyToBuffer
                0x00407d0c                FMSTR_Crc16Init
                0x00407d14                FMSTR_Crc16AddByte
                0x00407da0                FMSTR_Crc8Init
                0x00407da8                FMSTR_Crc8AddByte
                0x00407e10                FMSTR_RandomNumbersToBuffer
                0x00407e14                FMSTR_Randomize
                0x00407e18                _FMSTR_RingBuffCreate
                0x00407e24                _FMSTR_RingBuffPut
                0x00407e44                _FMSTR_RingBuffGet
                0x00407e6c                _FMSTR_RingBuffIsSpace
                0x00407e7c                _FMSTR_RingBuffHasData
                0x00407e88                _FMSTR_StrCmp
                0x00407eb4                _FMSTR_MemCmp
                0x00407ee0                _FMSTR_StrLen
                0x00407ef8                _FMSTR_MemSet
                0x00407f00                _FMSTR_Rand
 .text          0x00407f04      0x110 ./FreeMASTER/drivers/dreg/S32K/freemaster_s32k3xx_lpuart.o
                0x00408004                FMSTR_SerialSetBaseAddress
                0x00408010                FMSTR_SerialIsr
 .text          0x00408014       0x10 ./Project_Settings/Startup_Code/system.o
                0x00408014                Sys_GetCoreID
 .text          0x00408024      0x11c ./TPPSDK_GD3000_Driver/aml/spi_aml/spi_aml.o
                0x00408024                SPI_AML_MasterInit
                0x00408038                SPI_AML_SlaveInit
                0x0040804c                SPI_AML_MasterDeinit
                0x00408058                SPI_AML_SlaveDeinit
                0x00408064                SPI_AML_MasterGetDefaultConfig
                0x00408070                SPI_AML_SlaveGetDefaultConfig
                0x0040807c                SPI_AML_MasterFillSdkConfig
                0x00408090                SPI_AML_SlaveFillSdkConfig
                0x004080a4                SPI_AML_MasterSelectDevice
                0x004080c0                SPI_AML_MasterUnselectDevice
                0x004080dc                SPI_AML_MasterTransfer
                0x00408120                SPI_AML_SlaveTransfer
 .text          0x00408140       0xb4 ./TPPSDK_GD3000_Driver/aml/wait_aml/wait_aml.o
                0x00408140                WAIT_AML_GetSysFreq
                0x00408148                WAIT_AML_WaitCycles
                0x0040815c                WAIT_AML_WaitSec
                0x00408194                WAIT_AML_WaitMs
                0x004081c0                WAIT_AML_WaitUs
 .text          0x004081f4       0x4c ./TPPSDK_GD3000_Driver/gd3000_init.o
                0x004081f4                GD3000_Init
 .text          0x00408240      0x628 ./TPPSDK_GD3000_Driver/tpp/tpp.o
                0x00408240                TPP_ConfigureGpio
                0x0040824c                TPP_ConfigureSpi
                0x004082b4                TPP_Deinit
                0x00408304                TPP_SendCommand
                0x0040838c                TPP_GetStatusRegister
                0x004084dc                TPP_SetInterruptMasks
                0x00408554                TPP_ClearInterrupts
                0x004085b0                TPP_SetModeRegister
                0x0040860c                TPP_SetOperationalMode
                0x004087f4                TPP_Init
                0x0040885c                TPP_SetDeadtime
 .text          0x00408868      0x12c ./src/main.o
                0x00408868                FMSTR_TsaGetTable_S32K_BLDC
                0x00408878                FMSTR_TsaGetTable
                0x0040889c                GD3000_INT_Handler
                0x004088ac                TPP_InitializeOutputs
                0x004088b0                StateRGBLedOFF
                0x004088d8                StateRGBLedBlueON
                0x00408900                StateRGBLedRedON
                0x00408928                StateRGBLedGreenON
                0x00408950                StateRGBLedGreenFlashing
 .text          0x00408994      0x11c C:\Users\Admin\AppData\Local\Temp\MCSPTE1AK344_BLDC_6Step_hall_ll.elf.Aa7RYT.ltrans0.ltrans.o
                0x00408994                GDFLIB_FilterMAInit_FLT
                0x0040899c                GDFLIB_FilterMA_FLT
                0x004089bc                GFLIB_ControllerPIpAW_FLT
                0x00408a40                GFLIB_Ramp_FLT
 .text          0x00408ab0      0x110 c:/nxp/s32ds.3.6.6/s32ds/build_tools/gcc_v10.2/gcc-10.2-arm32-eabi/bin/../lib/gcc/arm-none-eabi/10.2.0/thumb/v7e-m+fp/hard\libgcc.a(_arm_cmpdf2.o)
                0x00408ab0                __gtdf2
                0x00408ab0                __gedf2
                0x00408ab8                __ltdf2
                0x00408ab8                __ledf2
                0x00408ac0                __nedf2
                0x00408ac0                __eqdf2
                0x00408ac0                __cmpdf2
                0x00408b3c                __aeabi_cdrcmple
                0x00408b4c                __aeabi_cdcmpeq
                0x00408b4c                __aeabi_cdcmple
                0x00408b5c                __aeabi_dcmpeq
                0x00408b70                __aeabi_dcmplt
                0x00408b84                __aeabi_dcmple
                0x00408b98                __aeabi_dcmpge
                0x00408bac                __aeabi_dcmpgt
 *(EXCLUDE_FILE(*AMCLIB_*.o *GDFLIB_*.o *GFLIB_*.o *GMCLIB_*.o) .text*)
 .text.memmove  0x00408bc0       0x34 c:/nxp/s32ds.3.6.6/s32ds/build_tools/gcc_v10.2/gcc-10.2-arm32-eabi/bin/../lib/gcc/arm-none-eabi/10.2.0/../../../../arm-none-eabi/lib/thumb/v7e-m+fp/hard\libc_nano.a(lib_a-memmove.o)
                0x00408bc0                memmove
 .text.memset   0x00408bf4       0x10 c:/nxp/s32ds.3.6.6/s32ds/build_tools/gcc_v10.2/gcc-10.2-arm32-eabi/bin/../lib/gcc/arm-none-eabi/10.2.0/../../../../arm-none-eabi/lib/thumb/v7e-m+fp/hard\libc_nano.a(lib_a-memset.o)
                0x00408bf4                memset
                0x00408c04                . = ALIGN (0x4)
 *(.mcal_text)
 .mcal_text     0x00408c04       0x28 ./Project_Settings/Startup_Code/exceptions.o
                0x00408c04                NMI_Handler
                0x00408c08                HardFault_Handler
                0x00408c0c                MemManage_Handler
                0x00408c10                BusFault_Handler
                0x00408c14                UsageFault_Handler
                0x00408c18                SVC_Handler
                0x00408c1c                DebugMon_Handler
                0x00408c20                PendSV_Handler
                0x00408c24                SysTick_Handler
                0x00408c28                undefined_handler
 .mcal_text     0x00408c2c       0xe4 ./Project_Settings/Startup_Code/startup.o
                0x00408c2c                init_data_bss
                0x00408cb4                init_data_bss_core2
 .mcal_text     0x00408d10      0x490 ./Project_Settings/Startup_Code/system.o
                0x00408d10                startup_go_to_user_mode
                0x00408d14                default_interrupt_routine
                0x00408d18                SystemInit
 .mcal_text     0x004091a0     0x1b84 ./RTD/src/Adc_Sar_Ip.o
                0x004091a0                Adc_Sar_Ip_IRQHandler
                0x00409224                Adc_Sar_Ip_ChainConfig
                0x00409284                Adc_Sar_Ip_EnableChannel
                0x004092d8                Adc_Sar_Ip_DisableChannel
                0x00409330                Adc_Sar_Ip_SetResolution
                0x0040935c                Adc_Sar_Ip_StartConversion
                0x00409394                Adc_Sar_Ip_GetStatusFlags
                0x00409404                Adc_Sar_Ip_ClearStatusFlags
                0x00409428                Adc_Sar_Ip_GetConvDataToArray
                0x004095d4                Adc_Sar_Ip_GetConvResultsToArray
                0x004097cc                Adc_Sar_Ip_GetConvData
                0x00409860                Adc_Sar_Ip_GetConvResult
                0x00409928                Adc_Sar_Ip_DoCalibration
                0x00409b80                Adc_Sar_Ip_Powerup
                0x00409be4                Adc_Sar_Ip_Powerdown
                0x00409c4c                Adc_Sar_Ip_EnableNotifications
                0x00409c80                Adc_Sar_Ip_DisableNotifications
                0x00409cb8                Adc_Sar_Ip_SetClockMode
                0x00409e24                Adc_Sar_Ip_SetSampleTimes
                0x00409e58                Adc_Sar_Ip_SetAveraging
                0x00409e94                Adc_Sar_Ip_AbortConversion
                0x00409eb4                Adc_Sar_Ip_AbortChain
                0x00409f28                Adc_Sar_Ip_Init
                0x0040a3b8                Adc_Sar_Ip_Deinit
                0x0040a57c                Adc_Sar_Ip_SetPresamplingSource
                0x0040a5cc                Adc_Sar_Ip_EnableChannelPresampling
                0x0040a610                Adc_Sar_Ip_DisableChannelPresampling
                0x0040a658                Adc_Sar_Ip_EnablePresampleConversion
                0x0040a68c                Adc_Sar_Ip_DisablePresampleConversion
                0x0040a6c0                Adc_Sar_Ip_EnableDma
                0x0040a6e0                Adc_Sar_Ip_DisableDma
                0x0040a700                Adc_Sar_Ip_EnableChannelDma
                0x0040a734                Adc_Sar_Ip_DisableChannelDma
                0x0040a76c                Adc_Sar_Ip_DisableChannelDmaAll
                0x0040a7bc                Adc_Sar_Ip_SetDmaClearSource
                0x0040a7ec                Adc_Sar_Ip_SetConversionMode
                0x0040a824                Adc_Sar_Ip_SetCtuMode
                0x0040a950                Adc_Sar_Ip_SetExternalTrigger
                0x0040aa60                Adc_Sar_Ip_TempSenseCalculateTemp
                0x0040aba0                Adc_Sar_Ip_TempSenseGetTemp
                0x0040acd8                Adc_Sar_Ip_TempSenseEnable
                0x0040acf4                Adc_Sar_Ip_TempSenseDisable
                0x0040ad10                Adc_Sar_Ip_GetDataAddress
 .mcal_text     0x0040ad24      0xf34 ./RTD/src/Bctu_Ip.o
                0x0040ad24                Bctu_Ip_SetGlobalTriggerEn
                0x0040ad58                Bctu_Ip_SetLowPowerMode
                0x0040ad8c                Bctu_Ip_GetStatusFlags
                0x0040ae50                Bctu_Ip_ClearStatusFlags
                0x0040af18                Bctu_Ip_ConfigTrigger
                0x0040afd8                Bctu_Ip_Init
                0x0040b334                Bctu_Ip_Deinit
                0x0040b4a8                Bctu_Ip_SetTriggerChnListAddr
                0x0040b50c                Bctu_Ip_EnableHwTrigger
                0x0040b538                Bctu_Ip_DisableHwTrigger
                0x0040b55c                Bctu_Ip_StopLoopConversions
                0x0040b58c                Bctu_Ip_ConfigChanList
                0x0040b664                Bctu_Ip_ConfigChanListSimple
                0x0040b738                Bctu_Ip_SwTriggerConversion
                0x0040b7a0                Bctu_Ip_GetConvData
                0x0040b7d0                Bctu_Ip_GetConvResult
                0x0040b820                Bctu_Ip_GetFifoData
                0x0040b87c                Bctu_Ip_GetFifoResult
                0x0040b8d4                Bctu_Ip_EnableNotifications
                0x0040b91c                Bctu_Ip_DisableNotifications
                0x0040b968                Bctu_Ip_SetFifoWatermark
                0x0040b9c8                Bctu_Ip_GetFifoCount
                0x0040b9f0                Bctu_Ip_IRQHandler
 .mcal_text     0x0040bc58        0x8 ./RTD/src/Bctu_Ip_Irq.o
                0x0040bc58                Bctu_0_Isr
 .mcal_text     0x0040bc60      0x988 ./RTD/src/Clock_Ip.o
                0x0040bc64                Clock_Ip_InitClock
                0x0040c2dc                Clock_Ip_GetPllStatus
                0x0040c360                Clock_Ip_DistributePll
                0x0040c474                Clock_Ip_Init
                0x0040c4a8                Clock_Ip_DisableClockMonitor
                0x0040c4d4                Clock_Ip_InstallNotificationsCallback
                0x0040c4e0                Clock_Ip_DisableModuleClock
                0x0040c50c                Clock_Ip_EnableModuleClock
                0x0040c538                Clock_Ip_GetClockFrequency
                0x0040c53c                Clock_Ip_DisableFircInStandby
                0x0040c554                Clock_Ip_EnableFircInStandby
                0x0040c56c                Clock_Ip_DisableSircInStandby
                0x0040c584                Clock_Ip_EnableSircInStandby
                0x0040c59c                Clock_Ip_ReportClockErrors
                0x0040c5a8                Clock_Ip_StartTimeout
                0x0040c5cc                Clock_Ip_TimeoutExpired
 .mcal_text     0x0040c5e8      0x138 ./RTD/src/Clock_Ip_Divider.o
 .mcal_text     0x0040c720       0xbc ./RTD/src/Clock_Ip_DividerTrigger.o
 .mcal_text     0x0040c7dc      0x228 ./RTD/src/Clock_Ip_ExtOsc.o
 .mcal_text     0x0040ca04        0x8 ./RTD/src/Clock_Ip_FracDiv.o
 .mcal_text     0x0040ca0c     0x52b4 ./RTD/src/Clock_Ip_Frequency.o
                0x00411c44                Clock_Ip_Get_RTC_CLK_Frequency_TrustedCall
                0x00411c5c                Clock_Ip_SetExternalOscillatorFrequency
                0x00411c7c                Clock_Ip_GetFreq
                0x00411c88                Clock_Ip_SetExternalSignalFrequency
 .mcal_text     0x00411cc0      0x250 ./RTD/src/Clock_Ip_Gate.o
 .mcal_text     0x00411f10      0x110 ./RTD/src/Clock_Ip_IntOsc.o
 .mcal_text     0x00412020      0x3b4 ./RTD/src/Clock_Ip_Monitor.o
                0x00412214                Clock_Ip_CMU_GetInterruptStatus
                0x00412228                Clock_Ip_CMU_ClockFailInt
 .mcal_text     0x004123d4      0x1bc ./RTD/src/Clock_Ip_Pll.o
 .mcal_text     0x00412590      0x184 ./RTD/src/Clock_Ip_ProgFreqSwitch.o
 .mcal_text     0x00412714      0x46c ./RTD/src/Clock_Ip_Selector.o
                0x00412b5c                Clock_Ip_SetRtcRtccClksel_TrustedCall
 .mcal_text     0x00412b80      0x39c ./RTD/src/Clock_Ip_Specific.o
                0x00412b80                Clock_Ip_PowerClockIpModules
                0x00412dec                Clock_Ip_SetRamWaitStates
                0x00412e4c                Clock_Ip_SetFlashWaitStates
                0x00412e50                Clock_Ip_McMeEnterKey
                0x00412e64                DisableFircInStandbyMode
                0x00412e74                EnableFircInStandbyMode
                0x00412e94                DisableSircInStandbyMode
                0x00412ea4                EnableSircInStandbyMode
                0x00412ec4                Clock_Ip_Command
                0x00412f18                Clock_Ip_FLASH_SetFlashIWS
 .mcal_text     0x00412f1c      0xff0 ./RTD/src/Emios_Icu_Ip.o
                0x00412f1c                Emios_Icu_Ip_EnableInterrupt
                0x00412f48                Emios_Icu_Ip_DisableInterrupt
                0x00412f70                Emios_Icu_Ip_Deinit
                0x00413048                Emios_Icu_Ip_SetActivation
                0x004130c4                Emios_Icu_Ip_Init
                0x00413310                Emios_Icu_Ip_EnableEdgeDetection
                0x0041338c                Emios_Icu_Ip_DisableEdgeDetection
                0x004133e8                Emios_Icu_Ip_EnableNotification
                0x00413410                Emios_Icu_Ip_DisableNotification
                0x00413438                Emios_Icu_Ip_StartTimestamp
                0x004135e4                Emios_Icu_Ip_GetTimestampIndex
                0x0041360c                Emios_Icu_Ip_StopTimestamp
                0x004136e0                Emios_Icu_Ip_ResetEdgeCount
                0x0041378c                Emios_Icu_Ip_EnableEdgeCount
                0x00413848                Emios_Icu_Ip_DisableEdgeCount
                0x004138c4                Emios_Icu_Ip_GetEdgeNumbers
                0x004138f8                Emios_Icu_Ip_SetInitialCounterValue
                0x0041391c                Emios_Icu_Ip_SetMaxCounterValue
                0x00413944                Emios_Icu_Ip_StartSignalMeasurement
                0x00413b70                Emios_Icu_Ip_StopSignalMeasurement
                0x00413c70                Emios_Icu_Ip_GetTimeElapsed
                0x00413cac                Emios_Icu_Ip_GetDutyCycleValues
                0x00413d00                Emios_Icu_Ip_SetPWandPeriod
                0x00413d28                Emios_Icu_Ip_GetInputState
                0x00413d54                Emios_Icu_Ip_GetInputLevel
                0x00413d6c                Emios_Icu_Ip_GetOverflow
                0x00413d8c                Emios_Icu_Ip_SetClockMode
                0x00413ef0                Emios_Icu_Ip_GetCaptureRegValue
                0x00413f04                Emios_Icu_Ip_GetPulseWidth
 .mcal_text     0x00413f0c      0xa9c ./RTD/src/Emios_Icu_Ip_Irq.o
                0x00413f0c                Emios_Icu_Ip_SignalMeasurementHandler
                0x00414660                Emios_Icu_Ip_IrqHandler
 .mcal_text     0x004149a8      0x29c ./RTD/src/Emios_Mcl_Ip.o
                0x004149a8                Emios_Mcl_Ip_Init
                0x00414ac4                Emios_Mcl_Ip_EnableChannel
                0x00414ae0                Emios_Mcl_Ip_DisableChannel
                0x00414af8                Emios_Mcl_Ip_ComparatorTransferEnable
                0x00414b0c                Emios_Mcl_Ip_ComparatorTransferDisable
                0x00414b20                Emios_Mcl_Ip_Deinit
                0x00414b90                Emios_Mcl_Ip_SetReloadInterval
                0x00414ba8                Emios_Mcl_Ip_ValidateChannel
                0x00414bc0                Emios_Mcl_Ip_SetCounterBusPeriod
                0x00414c14                Emios_Mcl_Ip_GetCounterBusPeriod
                0x00414c28                Emios_Mcl_Ip_ConfigureGlobalTimebase
 .mcal_text     0x00414c44       0x20 ./RTD/src/Emios_Mcl_Ip_Irq.o
                0x00414c44                EMIOS1_5_IRQ
 .mcal_text     0x00414c64      0xb5c ./RTD/src/Emios_Pwm_Ip.o
                0x00414c64                Emios_Pwm_Ip_InitChannel
                0x00414edc                Emios_Pwm_Ip_DeInitChannel
                0x00414fb0                Emios_Pwm_Ip_ForceMatchLeadingEdge
                0x00414fdc                Emios_Pwm_Ip_ForceMatchTrailingEdge
                0x00415008                Emios_Pwm_Ip_GetPeriod
                0x00415078                Emios_Pwm_Ip_SetPeriod
                0x004150bc                Emios_Pwm_Ip_GetDutyCycle
                0x004150d8                Emios_Pwm_Ip_SetDutyCycle
                0x004151fc                Emios_Pwm_Ip_GetPhaseShift
                0x00415210                Emios_Pwm_Ip_SetPhaseShift
                0x004152c0                Emios_Pwm_Ip_GetDeadTime
                0x004152d8                Emios_Pwm_Ip_SetDeadTime
                0x004152fc                Emios_Pwm_Ip_GetTriggerPlacement
                0x00415310                Emios_Pwm_Ip_SetTriggerPlacement
                0x00415388                Emios_Pwm_Ip_ChannelEnterDebugMode
                0x004153c4                Emios_Pwm_Ip_ChannelStopDebugMode
                0x004153ec                Emios_Pwm_Ip_GetFlagRequest
                0x00415410                Emios_Pwm_Ip_SetFlagRequest
                0x004154d4                Emios_Pwm_Ip_GetOutputState
                0x004154ec                Emios_Pwm_Ip_SetOutputState
                0x00415568                Emios_Pwm_Ip_SetOutputToNormal
                0x00415614                Emios_Pwm_Ip_GetChannelMode
                0x00415630                Emios_Pwm_Ip_GetMasterBusChannel
                0x00415660                Emios_Pwm_Ip_SetPreEnableClock
                0x0041568c                Emios_Pwm_Ip_SetBusSelected
                0x004156bc                Emios_Pwm_Ip_SetClockPs
                0x004156fc                Emios_Pwm_Ip_ComparatorTransferEnable
                0x0041571c                Emios_Pwm_Ip_ComparatorTransferDisable
                0x0041573c                Emios_Pwm_Ip_SyncUpdate
                0x00415798                Emios_Pwm_Ip_UpdateUCRegA
                0x004157ac                Emios_Pwm_Ip_UpdateUCRegB
 .mcal_text     0x004157c0      0x3b4 ./RTD/src/IntCtrl_Ip.o
                0x004157c0                IntCtrl_Ip_InstallHandlerPrivileged
                0x004157f4                IntCtrl_Ip_EnableIrqPrivileged
                0x0041580c                IntCtrl_Ip_DisableIrqPrivileged
                0x00415824                IntCtrl_Ip_SetPriorityPrivileged
                0x00415834                IntCtrl_Ip_GetPriorityPrivileged
                0x00415840                IntCtrl_Ip_ClearPendingPrivileged
                0x00415858                IntCtrl_Ip_SetPendingPrivileged
                0x00415870                IntCtrl_Ip_GetPendingPrivileged
                0x0041588c                IntCtrl_Ip_GetActivePrivileged
                0x004158a8                IntCtrl_Ip_ClearDirectedCpuInterruptPrivileged
                0x004158c8                IntCtrl_Ip_GetDirectedCpuInterruptPrivileged
                0x004158ec                IntCtrl_Ip_GenerateDirectedCpuInterruptPrivileged
                0x00415944                IntCtrl_Ip_Init
                0x004159f0                IntCtrl_Ip_InstallHandler
                0x00415a24                IntCtrl_Ip_EnableIrq
                0x00415a3c                IntCtrl_Ip_DisableIrq
                0x00415a54                IntCtrl_Ip_SetPriority
                0x00415a64                IntCtrl_Ip_GetPriority
                0x00415a70                IntCtrl_Ip_ClearPending
                0x00415a88                IntCtrl_Ip_SetPending
                0x00415aa0                IntCtrl_Ip_GetPending
                0x00415abc                IntCtrl_Ip_GetActive
                0x00415ad8                IntCtrl_Ip_ClearDirectedCpuInterrupt
                0x00415af8                IntCtrl_Ip_GetDirectedCpuInterrupt
                0x00415b1c                IntCtrl_Ip_GenerateDirectedCpuInterrupt
 .mcal_text     0x00415b74      0xc90 ./RTD/src/Lcu_Ip.o
                0x00415bf4                Lcu_Ip_SetWriteProtect
                0x00415c24                Lcu_Ip_GetWriteProtect
                0x00415c38                Lcu_Ip_SetSyncInputSwOverrideEnable
                0x00415cf4                Lcu_Ip_SetSyncInputSwOverrideValue
                0x00415db0                Lcu_Ip_SetSyncInputMuxSelect
                0x00415dec                Lcu_Ip_SetSyncInputSwSyncMode
                0x00415e34                Lcu_Ip_SetSyncOutputDebugMode
                0x00415ef0                Lcu_Ip_SetSyncOutputEnable
                0x00415fac                Lcu_Ip_SetSyncOutputForceInputSensitivity
                0x00415ff4                Lcu_Ip_SetSyncOutputForceClearingMode
                0x0041603c                Lcu_Ip_SetSyncOutputForceSyncSelect
                0x00416084                Lcu_Ip_SetSyncOutputPolarity
                0x004160cc                Lcu_Ip_SetSyncOutputForceDma
                0x00416114                Lcu_Ip_SetSyncOutputForceInt
                0x0041616c                Lcu_Ip_SetSyncOutputLutDma
                0x004161b4                Lcu_Ip_SetSyncOutputLutInt
                0x0041620c                Lcu_Ip_SetSyncOutputFallFilter
                0x00416250                Lcu_Ip_SetSyncOutputRiseFilter
                0x00416294                Lcu_Ip_SetSyncOutputLutControl
                0x004162d0                Lcu_Ip_ClearSyncOutputForceEvent
                0x00416304                Lcu_Ip_GetSyncLogicInput
                0x00416368                Lcu_Ip_GetSyncSwOverrideInput
                0x004163cc                Lcu_Ip_GetSyncLogicOutput
                0x00416430                Lcu_Ip_GetSyncForceOutput
                0x00416494                Lcu_Ip_GetSyncForceStatus
                0x004164f8                Lcu_Ip_GetSyncCombineForceInput
                0x00416534                Lcu_Ip_Deinit
                0x00416614                Lcu_Ip_Init
                0x00416708                Lcu_Ip_IrqHandler
                0x00416720                Lcu_Ip_SetAsyncInputList
                0x00416764                Lcu_Ip_SetAsyncOutputList
                0x004167bc                Lcu_Ip_GetAsyncLogicInputInfo
                0x004167e0                Lcu_Ip_GetAsyncLogicOutputInfo
 .mcal_text     0x00416804      0x698 ./RTD/src/Lcu_Ip_Hw_Access.o
                0x00416804                HwAcc_Lcu_AsyncSetInputMuxSelect
                0x00416818                HwAcc_Lcu_AsyncSetInputSwOverrideValue
                0x00416844                HwAcc_Lcu_AsyncSetInputSwSyncMode
                0x00416874                HwAcc_Lcu_AsyncSetInputSwOverrideEnable
                0x004168a0                HwAcc_Lcu_AsyncSetOutputEnable
                0x004168d4                HwAcc_Lcu_AsyncSetOutputDebugMode
                0x00416904                HwAcc_Lcu_AsyncSetOutputForceInputSensitivity
                0x00416940                HwAcc_Lcu_AsyncSetOutputForceClearingMode
                0x0041697c                HwAcc_Lcu_AsyncSetOutputForceSyncSelect
                0x004169b8                HwAcc_Lcu_AsyncSetOutputPolarity
                0x004169ec                HwAcc_Lcu_AsyncClearOutputForceEvent
                0x00416a0c                HwAcc_Lcu_AsyncSetOutputForceDma
                0x00416a40                HwAcc_Lcu_AsyncSetOutputForceInt
                0x00416a84                HwAcc_Lcu_AsyncSetOutputLutDma
                0x00416ab8                HwAcc_Lcu_AsyncSetOutputLutInt
                0x00416afc                HwAcc_Lcu_AsyncSetOutputFallFilter
                0x00416b2c                HwAcc_Lcu_AsyncSetOutputRiseFilter
                0x00416b58                HwAcc_Lcu_AsyncSetOutputLutControl
                0x00416c50                HwAcc_Lcu_AsyncGetCombineForceInput
                0x00416c78                HwAcc_Lcu_SetForceFilter
                0x00416c94                HwAcc_Lcu_SetForcePolarity
                0x00416cb4                HwAcc_Lcu_SetCombineEnable
                0x00416cd4                HwAcc_Lcu_SetSwSyncSelect
                0x00416cf4                HwAcc_Lcu_SetWriteProtect
                0x00416d0c                HwAcc_Lcu_GetWriteProtect
                0x00416d24                HwAcc_Lcu_AsyncSetInputList
                0x00416d44                HwAcc_Lcu_AsyncSetOutputList
                0x00416d64                HwAcc_Lcu_SetHwOutputSetState
                0x00416d88                HwAcc_Lcu_SetHwOutputCallbackState
                0x00416dac                HwAcc_Lcu_GetHwOutputStatePointer
                0x00416dc4                HwAcc_Lcu_AsyncClearAllForceEvent
                0x00416ddc                HwAcc_Lcu_AsyncClearAllLutEvent
                0x00416df4                HwAcc_Lcu_AsynGetInputInfo
                0x00416e14                HwAcc_Lcu_AsynGetOutputInfo
                0x00416e34                HwAcc_Lcu_SetInstanceOperationMode
                0x00416e40                HwAcc_Lcu_SetLcForceControl
 .mcal_text     0x00416e9c      0xa00 ./RTD/src/Lpspi_Ip.o
                0x004172f8                Lpspi_Ip_Init
                0x0041735c                Lpspi_Ip_DeInit
                0x00417394                Lpspi_Ip_SyncTransmit
                0x004176a4                Lpspi_Ip_AsyncTransmit
                0x00417764                Lpspi_Ip_ManageBuffers
                0x00417794                Lpspi_Ip_UpdateFrameSize
                0x004177b4                Lpspi_Ip_UpdateLsb
                0x004177d4                Lpspi_Ip_UpdateDefaultTransmitData
                0x004177f4                Lpspi_Ip_UpdateTransferMode
                0x00417810                Lpspi_Ip_Cancel
                0x00417858                Lpspi_Ip_IrqHandler
                0x0041788c                Lpspi_Ip_GetStatus
 .mcal_text     0x0041789c      0xc00 ./RTD/src/Lpuart_Uart_Ip.o
                0x00417b0c                Lpuart_Uart_Ip_Init
                0x00417c04                Lpuart_Uart_Ip_Deinit
                0x00417cac                Lpuart_Uart_Ip_SyncSend
                0x00417d80                Lpuart_Uart_Ip_AsyncSend
                0x00417dfc                Lpuart_Uart_Ip_GetTransmitStatus
                0x00417e58                Lpuart_Uart_Ip_AbortSendingData
                0x00417ea4                Lpuart_Uart_Ip_SyncReceive
                0x00418040                Lpuart_Uart_Ip_AsyncReceive
                0x004180f4                Lpuart_Uart_Ip_GetReceiveStatus
                0x00418150                Lpuart_Uart_Ip_AbortReceivingData
                0x004181ac                Lpuart_Uart_Ip_SetBaudRate
                0x00418290                Lpuart_Uart_Ip_GetBaudRate
                0x004182a0                Lpuart_Uart_Ip_SetTxBuffer
                0x004182b0                Lpuart_Uart_Ip_SetRxBuffer
                0x004182c0                Lpuart_Uart_Ip_IrqHandler
 .mcal_text     0x0041849c       0x1c ./RTD/src/OsIf_Timer.o
                0x0041849c                OsIf_Init
                0x004184a0                OsIf_GetCounter
                0x004184a4                OsIf_GetElapsed
                0x004184ac                OsIf_SetTimerFrequency
                0x004184b0                OsIf_MicrosToTicks
 .mcal_text     0x004184b8      0x3a4 ./RTD/src/Pit_Ip.o
                0x004184b8                Pit_Ip_GetLoadValue
                0x004184cc                Pit_Ip_Init
                0x004184fc                Pit_Ip_InitChannel
                0x00418574                Pit_Ip_Deinit
                0x00418638                Pit_Ip_StartChannel
                0x00418678                Pit_Ip_StopChannel
                0x004186b0                Pit_Ip_GetCurrentTimer
                0x004186d0                Pit_Ip_EnableChannelInterrupt
                0x00418704                Pit_Ip_DisableChannelInterrupt
                0x0041873c                Pit_Ip_SetLifetimeTimer
                0x004187a8                Pit_Ip_GetLifetimeTimer
                0x004187bc                PIT_1_ISR
 .mcal_text     0x0041885c     0x2648 ./RTD/src/SchM_Adc.o
                0x0041885c                SchM_Enter_Adc_ADC_EXCLUSIVE_AREA_00
                0x00418890                SchM_Exit_Adc_ADC_EXCLUSIVE_AREA_00
                0x004188c0                SchM_Enter_Adc_ADC_EXCLUSIVE_AREA_01
                0x004188f4                SchM_Exit_Adc_ADC_EXCLUSIVE_AREA_01
                0x00418924                SchM_Enter_Adc_ADC_EXCLUSIVE_AREA_02
                0x00418958                SchM_Exit_Adc_ADC_EXCLUSIVE_AREA_02
                0x00418988                SchM_Enter_Adc_ADC_EXCLUSIVE_AREA_03
                0x004189bc                SchM_Exit_Adc_ADC_EXCLUSIVE_AREA_03
                0x004189ec                SchM_Enter_Adc_ADC_EXCLUSIVE_AREA_04
                0x00418a20                SchM_Exit_Adc_ADC_EXCLUSIVE_AREA_04
                0x00418a50                SchM_Enter_Adc_ADC_EXCLUSIVE_AREA_05
                0x00418a84                SchM_Exit_Adc_ADC_EXCLUSIVE_AREA_05
                0x00418ab4                SchM_Enter_Adc_ADC_EXCLUSIVE_AREA_10
                0x00418ae8                SchM_Exit_Adc_ADC_EXCLUSIVE_AREA_10
                0x00418b18                SchM_Enter_Adc_ADC_EXCLUSIVE_AREA_100
                0x00418b4c                SchM_Exit_Adc_ADC_EXCLUSIVE_AREA_100
                0x00418b7c                SchM_Enter_Adc_ADC_EXCLUSIVE_AREA_101
                0x00418bb0                SchM_Exit_Adc_ADC_EXCLUSIVE_AREA_101
                0x00418be0                SchM_Enter_Adc_ADC_EXCLUSIVE_AREA_102
                0x00418c14                SchM_Exit_Adc_ADC_EXCLUSIVE_AREA_102
                0x00418c44                SchM_Enter_Adc_ADC_EXCLUSIVE_AREA_103
                0x00418c78                SchM_Exit_Adc_ADC_EXCLUSIVE_AREA_103
                0x00418ca8                SchM_Enter_Adc_ADC_EXCLUSIVE_AREA_11
                0x00418cdc                SchM_Exit_Adc_ADC_EXCLUSIVE_AREA_11
                0x00418d0c                SchM_Enter_Adc_ADC_EXCLUSIVE_AREA_12
                0x00418d40                SchM_Exit_Adc_ADC_EXCLUSIVE_AREA_12
                0x00418d70                SchM_Enter_Adc_ADC_EXCLUSIVE_AREA_13
                0x00418da4                SchM_Exit_Adc_ADC_EXCLUSIVE_AREA_13
                0x00418dd4                SchM_Enter_Adc_ADC_EXCLUSIVE_AREA_14
                0x00418e08                SchM_Exit_Adc_ADC_EXCLUSIVE_AREA_14
                0x00418e38                SchM_Enter_Adc_ADC_EXCLUSIVE_AREA_15
                0x00418e6c                SchM_Exit_Adc_ADC_EXCLUSIVE_AREA_15
                0x00418e9c                SchM_Enter_Adc_ADC_EXCLUSIVE_AREA_16
                0x00418ed0                SchM_Exit_Adc_ADC_EXCLUSIVE_AREA_16
                0x00418f00                SchM_Enter_Adc_ADC_EXCLUSIVE_AREA_17
                0x00418f34                SchM_Exit_Adc_ADC_EXCLUSIVE_AREA_17
                0x00418f64                SchM_Enter_Adc_ADC_EXCLUSIVE_AREA_18
                0x00418f98                SchM_Exit_Adc_ADC_EXCLUSIVE_AREA_18
                0x00418fc8                SchM_Enter_Adc_ADC_EXCLUSIVE_AREA_19
                0x00418ffc                SchM_Exit_Adc_ADC_EXCLUSIVE_AREA_19
                0x0041902c                SchM_Enter_Adc_ADC_EXCLUSIVE_AREA_20
                0x00419060                SchM_Exit_Adc_ADC_EXCLUSIVE_AREA_20
                0x00419090                SchM_Enter_Adc_ADC_EXCLUSIVE_AREA_21
                0x004190c4                SchM_Exit_Adc_ADC_EXCLUSIVE_AREA_21
                0x004190f4                SchM_Enter_Adc_ADC_EXCLUSIVE_AREA_22
                0x00419128                SchM_Exit_Adc_ADC_EXCLUSIVE_AREA_22
                0x00419158                SchM_Enter_Adc_ADC_EXCLUSIVE_AREA_23
                0x0041918c                SchM_Exit_Adc_ADC_EXCLUSIVE_AREA_23
                0x004191bc                SchM_Enter_Adc_ADC_EXCLUSIVE_AREA_24
                0x004191f0                SchM_Exit_Adc_ADC_EXCLUSIVE_AREA_24
                0x00419220                SchM_Enter_Adc_ADC_EXCLUSIVE_AREA_25
                0x00419254                SchM_Exit_Adc_ADC_EXCLUSIVE_AREA_25
                0x00419284                SchM_Enter_Adc_ADC_EXCLUSIVE_AREA_26
                0x004192b8                SchM_Exit_Adc_ADC_EXCLUSIVE_AREA_26
                0x004192e8                SchM_Enter_Adc_ADC_EXCLUSIVE_AREA_27
                0x0041931c                SchM_Exit_Adc_ADC_EXCLUSIVE_AREA_27
                0x0041934c                SchM_Enter_Adc_ADC_EXCLUSIVE_AREA_28
                0x00419380                SchM_Exit_Adc_ADC_EXCLUSIVE_AREA_28
                0x004193b0                SchM_Enter_Adc_ADC_EXCLUSIVE_AREA_29
                0x004193e4                SchM_Exit_Adc_ADC_EXCLUSIVE_AREA_29
                0x00419414                SchM_Enter_Adc_ADC_EXCLUSIVE_AREA_30
                0x00419448                SchM_Exit_Adc_ADC_EXCLUSIVE_AREA_30
                0x00419478                SchM_Enter_Adc_ADC_EXCLUSIVE_AREA_31
                0x004194ac                SchM_Exit_Adc_ADC_EXCLUSIVE_AREA_31
                0x004194dc                SchM_Enter_Adc_ADC_EXCLUSIVE_AREA_32
                0x00419510                SchM_Exit_Adc_ADC_EXCLUSIVE_AREA_32
                0x00419540                SchM_Enter_Adc_ADC_EXCLUSIVE_AREA_33
                0x00419574                SchM_Exit_Adc_ADC_EXCLUSIVE_AREA_33
                0x004195a4                SchM_Enter_Adc_ADC_EXCLUSIVE_AREA_34
                0x004195d8                SchM_Exit_Adc_ADC_EXCLUSIVE_AREA_34
                0x00419608                SchM_Enter_Adc_ADC_EXCLUSIVE_AREA_35
                0x0041963c                SchM_Exit_Adc_ADC_EXCLUSIVE_AREA_35
                0x0041966c                SchM_Enter_Adc_ADC_EXCLUSIVE_AREA_36
                0x004196a0                SchM_Exit_Adc_ADC_EXCLUSIVE_AREA_36
                0x004196d0                SchM_Enter_Adc_ADC_EXCLUSIVE_AREA_37
                0x00419704                SchM_Exit_Adc_ADC_EXCLUSIVE_AREA_37
                0x00419734                SchM_Enter_Adc_ADC_EXCLUSIVE_AREA_38
                0x00419768                SchM_Exit_Adc_ADC_EXCLUSIVE_AREA_38
                0x00419798                SchM_Enter_Adc_ADC_EXCLUSIVE_AREA_39
                0x004197cc                SchM_Exit_Adc_ADC_EXCLUSIVE_AREA_39
                0x004197fc                SchM_Enter_Adc_ADC_EXCLUSIVE_AREA_40
                0x00419830                SchM_Exit_Adc_ADC_EXCLUSIVE_AREA_40
                0x00419860                SchM_Enter_Adc_ADC_EXCLUSIVE_AREA_41
                0x00419894                SchM_Exit_Adc_ADC_EXCLUSIVE_AREA_41
                0x004198c4                SchM_Enter_Adc_ADC_EXCLUSIVE_AREA_42
                0x004198f8                SchM_Exit_Adc_ADC_EXCLUSIVE_AREA_42
                0x00419928                SchM_Enter_Adc_ADC_EXCLUSIVE_AREA_43
                0x0041995c                SchM_Exit_Adc_ADC_EXCLUSIVE_AREA_43
                0x0041998c                SchM_Enter_Adc_ADC_EXCLUSIVE_AREA_44
                0x004199c0                SchM_Exit_Adc_ADC_EXCLUSIVE_AREA_44
                0x004199f0                SchM_Enter_Adc_ADC_EXCLUSIVE_AREA_45
                0x00419a24                SchM_Exit_Adc_ADC_EXCLUSIVE_AREA_45
                0x00419a54                SchM_Enter_Adc_ADC_EXCLUSIVE_AREA_46
                0x00419a88                SchM_Exit_Adc_ADC_EXCLUSIVE_AREA_46
                0x00419ab8                SchM_Enter_Adc_ADC_EXCLUSIVE_AREA_47
                0x00419aec                SchM_Exit_Adc_ADC_EXCLUSIVE_AREA_47
                0x00419b1c                SchM_Enter_Adc_ADC_EXCLUSIVE_AREA_48
                0x00419b50                SchM_Exit_Adc_ADC_EXCLUSIVE_AREA_48
                0x00419b80                SchM_Enter_Adc_ADC_EXCLUSIVE_AREA_49
                0x00419bb4                SchM_Exit_Adc_ADC_EXCLUSIVE_AREA_49
                0x00419be4                SchM_Enter_Adc_ADC_EXCLUSIVE_AREA_50
                0x00419c18                SchM_Exit_Adc_ADC_EXCLUSIVE_AREA_50
                0x00419c48                SchM_Enter_Adc_ADC_EXCLUSIVE_AREA_51
                0x00419c7c                SchM_Exit_Adc_ADC_EXCLUSIVE_AREA_51
                0x00419cac                SchM_Enter_Adc_ADC_EXCLUSIVE_AREA_54
                0x00419ce0                SchM_Exit_Adc_ADC_EXCLUSIVE_AREA_54
                0x00419d10                SchM_Enter_Adc_ADC_EXCLUSIVE_AREA_55
                0x00419d44                SchM_Exit_Adc_ADC_EXCLUSIVE_AREA_55
                0x00419d74                SchM_Enter_Adc_ADC_EXCLUSIVE_AREA_56
                0x00419da8                SchM_Exit_Adc_ADC_EXCLUSIVE_AREA_56
                0x00419dd8                SchM_Enter_Adc_ADC_EXCLUSIVE_AREA_57
                0x00419e0c                SchM_Exit_Adc_ADC_EXCLUSIVE_AREA_57
                0x00419e3c                SchM_Enter_Adc_ADC_EXCLUSIVE_AREA_58
                0x00419e70                SchM_Exit_Adc_ADC_EXCLUSIVE_AREA_58
                0x00419ea0                SchM_Enter_Adc_ADC_EXCLUSIVE_AREA_59
                0x00419ed4                SchM_Exit_Adc_ADC_EXCLUSIVE_AREA_59
                0x00419f04                SchM_Enter_Adc_ADC_EXCLUSIVE_AREA_60
                0x00419f38                SchM_Exit_Adc_ADC_EXCLUSIVE_AREA_60
                0x00419f68                SchM_Enter_Adc_ADC_EXCLUSIVE_AREA_61
                0x00419f9c                SchM_Exit_Adc_ADC_EXCLUSIVE_AREA_61
                0x00419fcc                SchM_Enter_Adc_ADC_EXCLUSIVE_AREA_62
                0x0041a000                SchM_Exit_Adc_ADC_EXCLUSIVE_AREA_62
                0x0041a030                SchM_Enter_Adc_ADC_EXCLUSIVE_AREA_63
                0x0041a064                SchM_Exit_Adc_ADC_EXCLUSIVE_AREA_63
                0x0041a094                SchM_Enter_Adc_ADC_EXCLUSIVE_AREA_64
                0x0041a0c8                SchM_Exit_Adc_ADC_EXCLUSIVE_AREA_64
                0x0041a0f8                SchM_Enter_Adc_ADC_EXCLUSIVE_AREA_65
                0x0041a12c                SchM_Exit_Adc_ADC_EXCLUSIVE_AREA_65
                0x0041a15c                SchM_Enter_Adc_ADC_EXCLUSIVE_AREA_66
                0x0041a190                SchM_Exit_Adc_ADC_EXCLUSIVE_AREA_66
                0x0041a1c0                SchM_Enter_Adc_ADC_EXCLUSIVE_AREA_67
                0x0041a1f4                SchM_Exit_Adc_ADC_EXCLUSIVE_AREA_67
                0x0041a224                SchM_Enter_Adc_ADC_EXCLUSIVE_AREA_68
                0x0041a258                SchM_Exit_Adc_ADC_EXCLUSIVE_AREA_68
                0x0041a288                SchM_Enter_Adc_ADC_EXCLUSIVE_AREA_69
                0x0041a2bc                SchM_Exit_Adc_ADC_EXCLUSIVE_AREA_69
                0x0041a2ec                SchM_Enter_Adc_ADC_EXCLUSIVE_AREA_70
                0x0041a320                SchM_Exit_Adc_ADC_EXCLUSIVE_AREA_70
                0x0041a350                SchM_Enter_Adc_ADC_EXCLUSIVE_AREA_71
                0x0041a384                SchM_Exit_Adc_ADC_EXCLUSIVE_AREA_71
                0x0041a3b4                SchM_Enter_Adc_ADC_EXCLUSIVE_AREA_72
                0x0041a3e8                SchM_Exit_Adc_ADC_EXCLUSIVE_AREA_72
                0x0041a418                SchM_Enter_Adc_ADC_EXCLUSIVE_AREA_73
                0x0041a44c                SchM_Exit_Adc_ADC_EXCLUSIVE_AREA_73
                0x0041a47c                SchM_Enter_Adc_ADC_EXCLUSIVE_AREA_74
                0x0041a4b0                SchM_Exit_Adc_ADC_EXCLUSIVE_AREA_74
                0x0041a4e0                SchM_Enter_Adc_ADC_EXCLUSIVE_AREA_75
                0x0041a514                SchM_Exit_Adc_ADC_EXCLUSIVE_AREA_75
                0x0041a544                SchM_Enter_Adc_ADC_EXCLUSIVE_AREA_76
                0x0041a578                SchM_Exit_Adc_ADC_EXCLUSIVE_AREA_76
                0x0041a5a8                SchM_Enter_Adc_ADC_EXCLUSIVE_AREA_77
                0x0041a5dc                SchM_Exit_Adc_ADC_EXCLUSIVE_AREA_77
                0x0041a60c                SchM_Enter_Adc_ADC_EXCLUSIVE_AREA_78
                0x0041a640                SchM_Exit_Adc_ADC_EXCLUSIVE_AREA_78
                0x0041a670                SchM_Enter_Adc_ADC_EXCLUSIVE_AREA_79
                0x0041a6a4                SchM_Exit_Adc_ADC_EXCLUSIVE_AREA_79
                0x0041a6d4                SchM_Enter_Adc_ADC_EXCLUSIVE_AREA_80
                0x0041a708                SchM_Exit_Adc_ADC_EXCLUSIVE_AREA_80
                0x0041a738                SchM_Enter_Adc_ADC_EXCLUSIVE_AREA_81
                0x0041a76c                SchM_Exit_Adc_ADC_EXCLUSIVE_AREA_81
                0x0041a79c                SchM_Enter_Adc_ADC_EXCLUSIVE_AREA_82
                0x0041a7d0                SchM_Exit_Adc_ADC_EXCLUSIVE_AREA_82
                0x0041a800                SchM_Enter_Adc_ADC_EXCLUSIVE_AREA_83
                0x0041a834                SchM_Exit_Adc_ADC_EXCLUSIVE_AREA_83
                0x0041a864                SchM_Enter_Adc_ADC_EXCLUSIVE_AREA_84
                0x0041a898                SchM_Exit_Adc_ADC_EXCLUSIVE_AREA_84
                0x0041a8c8                SchM_Enter_Adc_ADC_EXCLUSIVE_AREA_85
                0x0041a8fc                SchM_Exit_Adc_ADC_EXCLUSIVE_AREA_85
                0x0041a92c                SchM_Enter_Adc_ADC_EXCLUSIVE_AREA_86
                0x0041a960                SchM_Exit_Adc_ADC_EXCLUSIVE_AREA_86
                0x0041a990                SchM_Enter_Adc_ADC_EXCLUSIVE_AREA_87
                0x0041a9c4                SchM_Exit_Adc_ADC_EXCLUSIVE_AREA_87
                0x0041a9f4                SchM_Enter_Adc_ADC_EXCLUSIVE_AREA_88
                0x0041aa28                SchM_Exit_Adc_ADC_EXCLUSIVE_AREA_88
                0x0041aa58                SchM_Enter_Adc_ADC_EXCLUSIVE_AREA_89
                0x0041aa8c                SchM_Exit_Adc_ADC_EXCLUSIVE_AREA_89
                0x0041aabc                SchM_Enter_Adc_ADC_EXCLUSIVE_AREA_90
                0x0041aaf0                SchM_Exit_Adc_ADC_EXCLUSIVE_AREA_90
                0x0041ab20                SchM_Enter_Adc_ADC_EXCLUSIVE_AREA_91
                0x0041ab54                SchM_Exit_Adc_ADC_EXCLUSIVE_AREA_91
                0x0041ab84                SchM_Enter_Adc_ADC_EXCLUSIVE_AREA_92
                0x0041abb8                SchM_Exit_Adc_ADC_EXCLUSIVE_AREA_92
                0x0041abe8                SchM_Enter_Adc_ADC_EXCLUSIVE_AREA_93
                0x0041ac1c                SchM_Exit_Adc_ADC_EXCLUSIVE_AREA_93
                0x0041ac4c                SchM_Enter_Adc_ADC_EXCLUSIVE_AREA_94
                0x0041ac80                SchM_Exit_Adc_ADC_EXCLUSIVE_AREA_94
                0x0041acb0                SchM_Enter_Adc_ADC_EXCLUSIVE_AREA_95
                0x0041ace4                SchM_Exit_Adc_ADC_EXCLUSIVE_AREA_95
                0x0041ad14                SchM_Enter_Adc_ADC_EXCLUSIVE_AREA_96
                0x0041ad48                SchM_Exit_Adc_ADC_EXCLUSIVE_AREA_96
                0x0041ad78                SchM_Enter_Adc_ADC_EXCLUSIVE_AREA_97
                0x0041adac                SchM_Exit_Adc_ADC_EXCLUSIVE_AREA_97
                0x0041addc                SchM_Enter_Adc_ADC_EXCLUSIVE_AREA_98
                0x0041ae10                SchM_Exit_Adc_ADC_EXCLUSIVE_AREA_98
                0x0041ae40                SchM_Enter_Adc_ADC_EXCLUSIVE_AREA_99
                0x0041ae74                SchM_Exit_Adc_ADC_EXCLUSIVE_AREA_99
 .mcal_text     0x0041aea4       0xc8 ./RTD/src/SchM_Dio.o
                0x0041aea4                SchM_Enter_Dio_DIO_EXCLUSIVE_AREA_00
                0x0041aed8                SchM_Exit_Dio_DIO_EXCLUSIVE_AREA_00
                0x0041af08                SchM_Enter_Dio_DIO_EXCLUSIVE_AREA_01
                0x0041af3c                SchM_Exit_Dio_DIO_EXCLUSIVE_AREA_01
 .mcal_text     0x0041af6c     0x157c ./RTD/src/SchM_Gpt.o
                0x0041af6c                SchM_Enter_Gpt_GPT_EXCLUSIVE_AREA_00
                0x0041afa0                SchM_Exit_Gpt_GPT_EXCLUSIVE_AREA_00
                0x0041afd0                SchM_Enter_Gpt_GPT_EXCLUSIVE_AREA_01
                0x0041b004                SchM_Exit_Gpt_GPT_EXCLUSIVE_AREA_01
                0x0041b034                SchM_Enter_Gpt_GPT_EXCLUSIVE_AREA_02
                0x0041b068                SchM_Exit_Gpt_GPT_EXCLUSIVE_AREA_02
                0x0041b098                SchM_Enter_Gpt_GPT_EXCLUSIVE_AREA_03
                0x0041b0cc                SchM_Exit_Gpt_GPT_EXCLUSIVE_AREA_03
                0x0041b0fc                SchM_Enter_Gpt_GPT_EXCLUSIVE_AREA_04
                0x0041b130                SchM_Exit_Gpt_GPT_EXCLUSIVE_AREA_04
                0x0041b160                SchM_Enter_Gpt_GPT_EXCLUSIVE_AREA_05
                0x0041b194                SchM_Exit_Gpt_GPT_EXCLUSIVE_AREA_05
                0x0041b1c4                SchM_Enter_Gpt_GPT_EXCLUSIVE_AREA_06
                0x0041b1f8                SchM_Exit_Gpt_GPT_EXCLUSIVE_AREA_06
                0x0041b228                SchM_Enter_Gpt_GPT_EXCLUSIVE_AREA_07
                0x0041b25c                SchM_Exit_Gpt_GPT_EXCLUSIVE_AREA_07
                0x0041b28c                SchM_Enter_Gpt_GPT_EXCLUSIVE_AREA_10
                0x0041b2c0                SchM_Exit_Gpt_GPT_EXCLUSIVE_AREA_10
                0x0041b2f0                SchM_Enter_Gpt_GPT_EXCLUSIVE_AREA_11
                0x0041b324                SchM_Exit_Gpt_GPT_EXCLUSIVE_AREA_11
                0x0041b354                SchM_Enter_Gpt_GPT_EXCLUSIVE_AREA_12
                0x0041b388                SchM_Exit_Gpt_GPT_EXCLUSIVE_AREA_12
                0x0041b3b8                SchM_Enter_Gpt_GPT_EXCLUSIVE_AREA_17
                0x0041b3ec                SchM_Exit_Gpt_GPT_EXCLUSIVE_AREA_17
                0x0041b41c                SchM_Enter_Gpt_GPT_EXCLUSIVE_AREA_21
                0x0041b450                SchM_Exit_Gpt_GPT_EXCLUSIVE_AREA_21
                0x0041b480                SchM_Enter_Gpt_GPT_EXCLUSIVE_AREA_22
                0x0041b4b4                SchM_Exit_Gpt_GPT_EXCLUSIVE_AREA_22
                0x0041b4e4                SchM_Enter_Gpt_GPT_EXCLUSIVE_AREA_23
                0x0041b518                SchM_Exit_Gpt_GPT_EXCLUSIVE_AREA_23
                0x0041b548                SchM_Enter_Gpt_GPT_EXCLUSIVE_AREA_24
                0x0041b57c                SchM_Exit_Gpt_GPT_EXCLUSIVE_AREA_24
                0x0041b5ac                SchM_Enter_Gpt_GPT_EXCLUSIVE_AREA_25
                0x0041b5e0                SchM_Exit_Gpt_GPT_EXCLUSIVE_AREA_25
                0x0041b610                SchM_Enter_Gpt_GPT_EXCLUSIVE_AREA_26
                0x0041b644                SchM_Exit_Gpt_GPT_EXCLUSIVE_AREA_26
                0x0041b674                SchM_Enter_Gpt_GPT_EXCLUSIVE_AREA_27
                0x0041b6a8                SchM_Exit_Gpt_GPT_EXCLUSIVE_AREA_27
                0x0041b6d8                SchM_Enter_Gpt_GPT_EXCLUSIVE_AREA_28
                0x0041b70c                SchM_Exit_Gpt_GPT_EXCLUSIVE_AREA_28
                0x0041b73c                SchM_Enter_Gpt_GPT_EXCLUSIVE_AREA_29
                0x0041b770                SchM_Exit_Gpt_GPT_EXCLUSIVE_AREA_29
                0x0041b7a0                SchM_Enter_Gpt_GPT_EXCLUSIVE_AREA_30
                0x0041b7d4                SchM_Exit_Gpt_GPT_EXCLUSIVE_AREA_30
                0x0041b804                SchM_Enter_Gpt_GPT_EXCLUSIVE_AREA_31
                0x0041b838                SchM_Exit_Gpt_GPT_EXCLUSIVE_AREA_31
                0x0041b868                SchM_Enter_Gpt_GPT_EXCLUSIVE_AREA_35
                0x0041b89c                SchM_Exit_Gpt_GPT_EXCLUSIVE_AREA_35
                0x0041b8cc                SchM_Enter_Gpt_GPT_EXCLUSIVE_AREA_36
                0x0041b900                SchM_Exit_Gpt_GPT_EXCLUSIVE_AREA_36
                0x0041b930                SchM_Enter_Gpt_GPT_EXCLUSIVE_AREA_38
                0x0041b964                SchM_Exit_Gpt_GPT_EXCLUSIVE_AREA_38
                0x0041b994                SchM_Enter_Gpt_GPT_EXCLUSIVE_AREA_39
                0x0041b9c8                SchM_Exit_Gpt_GPT_EXCLUSIVE_AREA_39
                0x0041b9f8                SchM_Enter_Gpt_GPT_EXCLUSIVE_AREA_40
                0x0041ba2c                SchM_Exit_Gpt_GPT_EXCLUSIVE_AREA_40
                0x0041ba5c                SchM_Enter_Gpt_GPT_EXCLUSIVE_AREA_41
                0x0041ba90                SchM_Exit_Gpt_GPT_EXCLUSIVE_AREA_41
                0x0041bac0                SchM_Enter_Gpt_GPT_EXCLUSIVE_AREA_42
                0x0041baf4                SchM_Exit_Gpt_GPT_EXCLUSIVE_AREA_42
                0x0041bb24                SchM_Enter_Gpt_GPT_EXCLUSIVE_AREA_43
                0x0041bb58                SchM_Exit_Gpt_GPT_EXCLUSIVE_AREA_43
                0x0041bb88                SchM_Enter_Gpt_GPT_EXCLUSIVE_AREA_44
                0x0041bbbc                SchM_Exit_Gpt_GPT_EXCLUSIVE_AREA_44
                0x0041bbec                SchM_Enter_Gpt_GPT_EXCLUSIVE_AREA_45
                0x0041bc20                SchM_Exit_Gpt_GPT_EXCLUSIVE_AREA_45
                0x0041bc50                SchM_Enter_Gpt_GPT_EXCLUSIVE_AREA_46
                0x0041bc84                SchM_Exit_Gpt_GPT_EXCLUSIVE_AREA_46
                0x0041bcb4                SchM_Enter_Gpt_GPT_EXCLUSIVE_AREA_50
                0x0041bce8                SchM_Exit_Gpt_GPT_EXCLUSIVE_AREA_50
                0x0041bd18                SchM_Enter_Gpt_GPT_EXCLUSIVE_AREA_51
                0x0041bd4c                SchM_Exit_Gpt_GPT_EXCLUSIVE_AREA_51
                0x0041bd7c                SchM_Enter_Gpt_GPT_EXCLUSIVE_AREA_52
                0x0041bdb0                SchM_Exit_Gpt_GPT_EXCLUSIVE_AREA_52
                0x0041bde0                SchM_Enter_Gpt_GPT_EXCLUSIVE_AREA_53
                0x0041be14                SchM_Exit_Gpt_GPT_EXCLUSIVE_AREA_53
                0x0041be44                SchM_Enter_Gpt_GPT_EXCLUSIVE_AREA_54
                0x0041be78                SchM_Exit_Gpt_GPT_EXCLUSIVE_AREA_54
                0x0041bea8                SchM_Enter_Gpt_GPT_EXCLUSIVE_AREA_55
                0x0041bedc                SchM_Exit_Gpt_GPT_EXCLUSIVE_AREA_55
                0x0041bf0c                SchM_Enter_Gpt_GPT_EXCLUSIVE_AREA_56
                0x0041bf40                SchM_Exit_Gpt_GPT_EXCLUSIVE_AREA_56
                0x0041bf70                SchM_Enter_Gpt_GPT_EXCLUSIVE_AREA_60
                0x0041bfa4                SchM_Exit_Gpt_GPT_EXCLUSIVE_AREA_60
                0x0041bfd4                SchM_Enter_Gpt_GPT_EXCLUSIVE_AREA_61
                0x0041c008                SchM_Exit_Gpt_GPT_EXCLUSIVE_AREA_61
                0x0041c038                SchM_Enter_Gpt_GPT_EXCLUSIVE_AREA_62
                0x0041c06c                SchM_Exit_Gpt_GPT_EXCLUSIVE_AREA_62
                0x0041c09c                SchM_Enter_Gpt_GPT_EXCLUSIVE_AREA_63
                0x0041c0d0                SchM_Exit_Gpt_GPT_EXCLUSIVE_AREA_63
                0x0041c100                SchM_Enter_Gpt_GPT_EXCLUSIVE_AREA_64
                0x0041c134                SchM_Exit_Gpt_GPT_EXCLUSIVE_AREA_64
                0x0041c164                SchM_Enter_Gpt_GPT_EXCLUSIVE_AREA_65
                0x0041c198                SchM_Exit_Gpt_GPT_EXCLUSIVE_AREA_65
                0x0041c1c8                SchM_Enter_Gpt_GPT_EXCLUSIVE_AREA_66
                0x0041c1fc                SchM_Exit_Gpt_GPT_EXCLUSIVE_AREA_66
                0x0041c22c                SchM_Enter_Gpt_GPT_EXCLUSIVE_AREA_67
                0x0041c260                SchM_Exit_Gpt_GPT_EXCLUSIVE_AREA_67
                0x0041c290                SchM_Enter_Gpt_GPT_EXCLUSIVE_AREA_68
                0x0041c2c4                SchM_Exit_Gpt_GPT_EXCLUSIVE_AREA_68
                0x0041c2f4                SchM_Enter_Gpt_GPT_EXCLUSIVE_AREA_69
                0x0041c328                SchM_Exit_Gpt_GPT_EXCLUSIVE_AREA_69
                0x0041c358                SchM_Enter_Gpt_GPT_EXCLUSIVE_AREA_70
                0x0041c38c                SchM_Exit_Gpt_GPT_EXCLUSIVE_AREA_70
                0x0041c3bc                SchM_Enter_Gpt_GPT_EXCLUSIVE_AREA_71
                0x0041c3f0                SchM_Exit_Gpt_GPT_EXCLUSIVE_AREA_71
                0x0041c420                SchM_Enter_Gpt_GPT_EXCLUSIVE_AREA_72
                0x0041c454                SchM_Exit_Gpt_GPT_EXCLUSIVE_AREA_72
                0x0041c484                SchM_Enter_Gpt_GPT_EXCLUSIVE_AREA_73
                0x0041c4b8                SchM_Exit_Gpt_GPT_EXCLUSIVE_AREA_73
 .mcal_text     0x0041c4e8     0x10cc ./RTD/src/SchM_Icu.o
                0x0041c4e8                SchM_Enter_Icu_ICU_EXCLUSIVE_AREA_00
                0x0041c51c                SchM_Exit_Icu_ICU_EXCLUSIVE_AREA_00
                0x0041c54c                SchM_Enter_Icu_ICU_EXCLUSIVE_AREA_01
                0x0041c580                SchM_Exit_Icu_ICU_EXCLUSIVE_AREA_01
                0x0041c5b0                SchM_Enter_Icu_ICU_EXCLUSIVE_AREA_02
                0x0041c5e4                SchM_Exit_Icu_ICU_EXCLUSIVE_AREA_02
                0x0041c614                SchM_Enter_Icu_ICU_EXCLUSIVE_AREA_03
                0x0041c648                SchM_Exit_Icu_ICU_EXCLUSIVE_AREA_03
                0x0041c678                SchM_Enter_Icu_ICU_EXCLUSIVE_AREA_04
                0x0041c6ac                SchM_Exit_Icu_ICU_EXCLUSIVE_AREA_04
                0x0041c6dc                SchM_Enter_Icu_ICU_EXCLUSIVE_AREA_05
                0x0041c710                SchM_Exit_Icu_ICU_EXCLUSIVE_AREA_05
                0x0041c740                SchM_Enter_Icu_ICU_EXCLUSIVE_AREA_06
                0x0041c774                SchM_Exit_Icu_ICU_EXCLUSIVE_AREA_06
                0x0041c7a4                SchM_Enter_Icu_ICU_EXCLUSIVE_AREA_07
                0x0041c7d8                SchM_Exit_Icu_ICU_EXCLUSIVE_AREA_07
                0x0041c808                SchM_Enter_Icu_ICU_EXCLUSIVE_AREA_08
                0x0041c83c                SchM_Exit_Icu_ICU_EXCLUSIVE_AREA_08
                0x0041c86c                SchM_Enter_Icu_ICU_EXCLUSIVE_AREA_09
                0x0041c8a0                SchM_Exit_Icu_ICU_EXCLUSIVE_AREA_09
                0x0041c8d0                SchM_Enter_Icu_ICU_EXCLUSIVE_AREA_11
                0x0041c904                SchM_Exit_Icu_ICU_EXCLUSIVE_AREA_11
                0x0041c934                SchM_Enter_Icu_ICU_EXCLUSIVE_AREA_15
                0x0041c968                SchM_Exit_Icu_ICU_EXCLUSIVE_AREA_15
                0x0041c998                SchM_Enter_Icu_ICU_EXCLUSIVE_AREA_16
                0x0041c9cc                SchM_Exit_Icu_ICU_EXCLUSIVE_AREA_16
                0x0041c9fc                SchM_Enter_Icu_ICU_EXCLUSIVE_AREA_17
                0x0041ca30                SchM_Exit_Icu_ICU_EXCLUSIVE_AREA_17
                0x0041ca60                SchM_Enter_Icu_ICU_EXCLUSIVE_AREA_18
                0x0041ca94                SchM_Exit_Icu_ICU_EXCLUSIVE_AREA_18
                0x0041cac4                SchM_Enter_Icu_ICU_EXCLUSIVE_AREA_19
                0x0041caf8                SchM_Exit_Icu_ICU_EXCLUSIVE_AREA_19
                0x0041cb28                SchM_Enter_Icu_ICU_EXCLUSIVE_AREA_20
                0x0041cb5c                SchM_Exit_Icu_ICU_EXCLUSIVE_AREA_20
                0x0041cb8c                SchM_Enter_Icu_ICU_EXCLUSIVE_AREA_21
                0x0041cbc0                SchM_Exit_Icu_ICU_EXCLUSIVE_AREA_21
                0x0041cbf0                SchM_Enter_Icu_ICU_EXCLUSIVE_AREA_22
                0x0041cc24                SchM_Exit_Icu_ICU_EXCLUSIVE_AREA_22
                0x0041cc54                SchM_Enter_Icu_ICU_EXCLUSIVE_AREA_23
                0x0041cc88                SchM_Exit_Icu_ICU_EXCLUSIVE_AREA_23
                0x0041ccb8                SchM_Enter_Icu_ICU_EXCLUSIVE_AREA_24
                0x0041ccec                SchM_Exit_Icu_ICU_EXCLUSIVE_AREA_24
                0x0041cd1c                SchM_Enter_Icu_ICU_EXCLUSIVE_AREA_25
                0x0041cd50                SchM_Exit_Icu_ICU_EXCLUSIVE_AREA_25
                0x0041cd80                SchM_Enter_Icu_ICU_EXCLUSIVE_AREA_26
                0x0041cdb4                SchM_Exit_Icu_ICU_EXCLUSIVE_AREA_26
                0x0041cde4                SchM_Enter_Icu_ICU_EXCLUSIVE_AREA_27
                0x0041ce18                SchM_Exit_Icu_ICU_EXCLUSIVE_AREA_27
                0x0041ce48                SchM_Enter_Icu_ICU_EXCLUSIVE_AREA_28
                0x0041ce7c                SchM_Exit_Icu_ICU_EXCLUSIVE_AREA_28
                0x0041ceac                SchM_Enter_Icu_ICU_EXCLUSIVE_AREA_29
                0x0041cee0                SchM_Exit_Icu_ICU_EXCLUSIVE_AREA_29
                0x0041cf10                SchM_Enter_Icu_ICU_EXCLUSIVE_AREA_30
                0x0041cf44                SchM_Exit_Icu_ICU_EXCLUSIVE_AREA_30
                0x0041cf74                SchM_Enter_Icu_ICU_EXCLUSIVE_AREA_31
                0x0041cfa8                SchM_Exit_Icu_ICU_EXCLUSIVE_AREA_31
                0x0041cfd8                SchM_Enter_Icu_ICU_EXCLUSIVE_AREA_32
                0x0041d00c                SchM_Exit_Icu_ICU_EXCLUSIVE_AREA_32
                0x0041d03c                SchM_Enter_Icu_ICU_EXCLUSIVE_AREA_33
                0x0041d070                SchM_Exit_Icu_ICU_EXCLUSIVE_AREA_33
                0x0041d0a0                SchM_Enter_Icu_ICU_EXCLUSIVE_AREA_44
                0x0041d0d4                SchM_Exit_Icu_ICU_EXCLUSIVE_AREA_44
                0x0041d104                SchM_Enter_Icu_ICU_EXCLUSIVE_AREA_45
                0x0041d138                SchM_Exit_Icu_ICU_EXCLUSIVE_AREA_45
                0x0041d168                SchM_Enter_Icu_ICU_EXCLUSIVE_AREA_46
                0x0041d19c                SchM_Exit_Icu_ICU_EXCLUSIVE_AREA_46
                0x0041d1cc                SchM_Enter_Icu_ICU_EXCLUSIVE_AREA_47
                0x0041d200                SchM_Exit_Icu_ICU_EXCLUSIVE_AREA_47
                0x0041d230                SchM_Enter_Icu_ICU_EXCLUSIVE_AREA_48
                0x0041d264                SchM_Exit_Icu_ICU_EXCLUSIVE_AREA_48
                0x0041d294                SchM_Enter_Icu_ICU_EXCLUSIVE_AREA_49
                0x0041d2c8                SchM_Exit_Icu_ICU_EXCLUSIVE_AREA_49
                0x0041d2f8                SchM_Enter_Icu_ICU_EXCLUSIVE_AREA_50
                0x0041d32c                SchM_Exit_Icu_ICU_EXCLUSIVE_AREA_50
                0x0041d35c                SchM_Enter_Icu_ICU_EXCLUSIVE_AREA_51
                0x0041d390                SchM_Exit_Icu_ICU_EXCLUSIVE_AREA_51
                0x0041d3c0                SchM_Enter_Icu_ICU_EXCLUSIVE_AREA_52
                0x0041d3f4                SchM_Exit_Icu_ICU_EXCLUSIVE_AREA_52
                0x0041d424                SchM_Enter_Icu_ICU_EXCLUSIVE_AREA_53
                0x0041d458                SchM_Exit_Icu_ICU_EXCLUSIVE_AREA_53
                0x0041d488                SchM_Enter_Icu_ICU_EXCLUSIVE_AREA_57
                0x0041d4bc                SchM_Exit_Icu_ICU_EXCLUSIVE_AREA_57
                0x0041d4ec                SchM_Enter_Icu_ICU_EXCLUSIVE_AREA_58
                0x0041d520                SchM_Exit_Icu_ICU_EXCLUSIVE_AREA_58
                0x0041d550                SchM_Enter_Icu_ICU_EXCLUSIVE_AREA_59
                0x0041d584                SchM_Exit_Icu_ICU_EXCLUSIVE_AREA_59
 .mcal_text     0x0041d5b4     0x125c ./RTD/src/SchM_Mcl.o
                0x0041d5b4                SchM_Enter_Mcl_MCL_EXCLUSIVE_AREA_00
                0x0041d5e8                SchM_Exit_Mcl_MCL_EXCLUSIVE_AREA_00
                0x0041d618                SchM_Enter_Mcl_MCL_EXCLUSIVE_AREA_01
                0x0041d64c                SchM_Exit_Mcl_MCL_EXCLUSIVE_AREA_01
                0x0041d67c                SchM_Enter_Mcl_MCL_EXCLUSIVE_AREA_02
                0x0041d6b0                SchM_Exit_Mcl_MCL_EXCLUSIVE_AREA_02
                0x0041d6e0                SchM_Enter_Mcl_MCL_EXCLUSIVE_AREA_03
                0x0041d714                SchM_Exit_Mcl_MCL_EXCLUSIVE_AREA_03
                0x0041d744                SchM_Enter_Mcl_MCL_EXCLUSIVE_AREA_04
                0x0041d778                SchM_Exit_Mcl_MCL_EXCLUSIVE_AREA_04
                0x0041d7a8                SchM_Enter_Mcl_MCL_EXCLUSIVE_AREA_05
                0x0041d7dc                SchM_Exit_Mcl_MCL_EXCLUSIVE_AREA_05
                0x0041d80c                SchM_Enter_Mcl_MCL_EXCLUSIVE_AREA_06
                0x0041d840                SchM_Exit_Mcl_MCL_EXCLUSIVE_AREA_06
                0x0041d870                SchM_Enter_Mcl_MCL_EXCLUSIVE_AREA_07
                0x0041d8a4                SchM_Exit_Mcl_MCL_EXCLUSIVE_AREA_07
                0x0041d8d4                SchM_Enter_Mcl_MCL_EXCLUSIVE_AREA_08
                0x0041d908                SchM_Exit_Mcl_MCL_EXCLUSIVE_AREA_08
                0x0041d938                SchM_Enter_Mcl_MCL_EXCLUSIVE_AREA_09
                0x0041d96c                SchM_Exit_Mcl_MCL_EXCLUSIVE_AREA_09
                0x0041d99c                SchM_Enter_Mcl_MCL_EXCLUSIVE_AREA_10
                0x0041d9d0                SchM_Exit_Mcl_MCL_EXCLUSIVE_AREA_10
                0x0041da00                SchM_Enter_Mcl_MCL_EXCLUSIVE_AREA_11
                0x0041da34                SchM_Exit_Mcl_MCL_EXCLUSIVE_AREA_11
                0x0041da64                SchM_Enter_Mcl_MCL_EXCLUSIVE_AREA_12
                0x0041da98                SchM_Exit_Mcl_MCL_EXCLUSIVE_AREA_12
                0x0041dac8                SchM_Enter_Mcl_MCL_EXCLUSIVE_AREA_13
                0x0041dafc                SchM_Exit_Mcl_MCL_EXCLUSIVE_AREA_13
                0x0041db2c                SchM_Enter_Mcl_MCL_EXCLUSIVE_AREA_14
                0x0041db60                SchM_Exit_Mcl_MCL_EXCLUSIVE_AREA_14
                0x0041db90                SchM_Enter_Mcl_MCL_EXCLUSIVE_AREA_15
                0x0041dbc4                SchM_Exit_Mcl_MCL_EXCLUSIVE_AREA_15
                0x0041dbf4                SchM_Enter_Mcl_MCL_EXCLUSIVE_AREA_16
                0x0041dc28                SchM_Exit_Mcl_MCL_EXCLUSIVE_AREA_16
                0x0041dc58                SchM_Enter_Mcl_MCL_EXCLUSIVE_AREA_17
                0x0041dc8c                SchM_Exit_Mcl_MCL_EXCLUSIVE_AREA_17
                0x0041dcbc                SchM_Enter_Mcl_MCL_EXCLUSIVE_AREA_18
                0x0041dcf0                SchM_Exit_Mcl_MCL_EXCLUSIVE_AREA_18
                0x0041dd20                SchM_Enter_Mcl_MCL_EXCLUSIVE_AREA_19
                0x0041dd54                SchM_Exit_Mcl_MCL_EXCLUSIVE_AREA_19
                0x0041dd84                SchM_Enter_Mcl_MCL_EXCLUSIVE_AREA_20
                0x0041ddb8                SchM_Exit_Mcl_MCL_EXCLUSIVE_AREA_20
                0x0041dde8                SchM_Enter_Mcl_MCL_EXCLUSIVE_AREA_21
                0x0041de1c                SchM_Exit_Mcl_MCL_EXCLUSIVE_AREA_21
                0x0041de4c                SchM_Enter_Mcl_MCL_EXCLUSIVE_AREA_22
                0x0041de80                SchM_Exit_Mcl_MCL_EXCLUSIVE_AREA_22
                0x0041deb0                SchM_Enter_Mcl_MCL_EXCLUSIVE_AREA_23
                0x0041dee4                SchM_Exit_Mcl_MCL_EXCLUSIVE_AREA_23
                0x0041df14                SchM_Enter_Mcl_MCL_EXCLUSIVE_AREA_24
                0x0041df48                SchM_Exit_Mcl_MCL_EXCLUSIVE_AREA_24
                0x0041df78                SchM_Enter_Mcl_MCL_EXCLUSIVE_AREA_25
                0x0041dfac                SchM_Exit_Mcl_MCL_EXCLUSIVE_AREA_25
                0x0041dfdc                SchM_Enter_Mcl_MCL_EXCLUSIVE_AREA_26
                0x0041e010                SchM_Exit_Mcl_MCL_EXCLUSIVE_AREA_26
                0x0041e040                SchM_Enter_Mcl_MCL_EXCLUSIVE_AREA_27
                0x0041e074                SchM_Exit_Mcl_MCL_EXCLUSIVE_AREA_27
                0x0041e0a4                SchM_Enter_Mcl_MCL_EXCLUSIVE_AREA_28
                0x0041e0d8                SchM_Exit_Mcl_MCL_EXCLUSIVE_AREA_28
                0x0041e108                SchM_Enter_Mcl_MCL_EXCLUSIVE_AREA_29
                0x0041e13c                SchM_Exit_Mcl_MCL_EXCLUSIVE_AREA_29
                0x0041e16c                SchM_Enter_Mcl_MCL_EXCLUSIVE_AREA_30
                0x0041e1a0                SchM_Exit_Mcl_MCL_EXCLUSIVE_AREA_30
                0x0041e1d0                SchM_Enter_Mcl_MCL_EXCLUSIVE_AREA_31
                0x0041e204                SchM_Exit_Mcl_MCL_EXCLUSIVE_AREA_31
                0x0041e234                SchM_Enter_Mcl_MCL_EXCLUSIVE_AREA_32
                0x0041e268                SchM_Exit_Mcl_MCL_EXCLUSIVE_AREA_32
                0x0041e298                SchM_Enter_Mcl_MCL_EXCLUSIVE_AREA_33
                0x0041e2cc                SchM_Exit_Mcl_MCL_EXCLUSIVE_AREA_33
                0x0041e2fc                SchM_Enter_Mcl_MCL_EXCLUSIVE_AREA_34
                0x0041e330                SchM_Exit_Mcl_MCL_EXCLUSIVE_AREA_34
                0x0041e360                SchM_Enter_Mcl_MCL_EXCLUSIVE_AREA_35
                0x0041e394                SchM_Exit_Mcl_MCL_EXCLUSIVE_AREA_35
                0x0041e3c4                SchM_Enter_Mcl_MCL_EXCLUSIVE_AREA_36
                0x0041e3f8                SchM_Exit_Mcl_MCL_EXCLUSIVE_AREA_36
                0x0041e428                SchM_Enter_Mcl_MCL_EXCLUSIVE_AREA_37
                0x0041e45c                SchM_Exit_Mcl_MCL_EXCLUSIVE_AREA_37
                0x0041e48c                SchM_Enter_Mcl_MCL_EXCLUSIVE_AREA_38
                0x0041e4c0                SchM_Exit_Mcl_MCL_EXCLUSIVE_AREA_38
                0x0041e4f0                SchM_Enter_Mcl_MCL_EXCLUSIVE_AREA_39
                0x0041e524                SchM_Exit_Mcl_MCL_EXCLUSIVE_AREA_39
                0x0041e554                SchM_Enter_Mcl_MCL_EXCLUSIVE_AREA_40
                0x0041e588                SchM_Exit_Mcl_MCL_EXCLUSIVE_AREA_40
                0x0041e5b8                SchM_Enter_Mcl_MCL_EXCLUSIVE_AREA_41
                0x0041e5ec                SchM_Exit_Mcl_MCL_EXCLUSIVE_AREA_41
                0x0041e61c                SchM_Enter_Mcl_MCL_EXCLUSIVE_AREA_42
                0x0041e650                SchM_Exit_Mcl_MCL_EXCLUSIVE_AREA_42
                0x0041e680                SchM_Enter_Mcl_MCL_EXCLUSIVE_AREA_43
                0x0041e6b4                SchM_Exit_Mcl_MCL_EXCLUSIVE_AREA_43
                0x0041e6e4                SchM_Enter_Mcl_MCL_EXCLUSIVE_AREA_44
                0x0041e718                SchM_Exit_Mcl_MCL_EXCLUSIVE_AREA_44
                0x0041e748                SchM_Enter_Mcl_MCL_EXCLUSIVE_AREA_45
                0x0041e77c                SchM_Exit_Mcl_MCL_EXCLUSIVE_AREA_45
                0x0041e7ac                SchM_Enter_Mcl_MCL_EXCLUSIVE_AREA_46
                0x0041e7e0                SchM_Exit_Mcl_MCL_EXCLUSIVE_AREA_46
 .mcal_text     0x0041e810      0x12c ./RTD/src/SchM_Mcu.o
                0x0041e810                SchM_Enter_Mcu_MCU_EXCLUSIVE_AREA_00
                0x0041e844                SchM_Exit_Mcu_MCU_EXCLUSIVE_AREA_00
                0x0041e874                SchM_Enter_Mcu_MCU_EXCLUSIVE_AREA_01
                0x0041e8a8                SchM_Exit_Mcu_MCU_EXCLUSIVE_AREA_01
                0x0041e8d8                SchM_Enter_Mcu_MCU_EXCLUSIVE_AREA_02
                0x0041e90c                SchM_Exit_Mcu_MCU_EXCLUSIVE_AREA_02
 .mcal_text     0x0041e93c      0xaf0 ./RTD/src/SchM_Port.o
                0x0041e93c                SchM_Enter_Port_PORT_EXCLUSIVE_AREA_00
                0x0041e970                SchM_Exit_Port_PORT_EXCLUSIVE_AREA_00
                0x0041e9a0                SchM_Enter_Port_PORT_EXCLUSIVE_AREA_01
                0x0041e9d4                SchM_Exit_Port_PORT_EXCLUSIVE_AREA_01
                0x0041ea04                SchM_Enter_Port_PORT_EXCLUSIVE_AREA_02
                0x0041ea38                SchM_Exit_Port_PORT_EXCLUSIVE_AREA_02
                0x0041ea68                SchM_Enter_Port_PORT_EXCLUSIVE_AREA_03
                0x0041ea9c                SchM_Exit_Port_PORT_EXCLUSIVE_AREA_03
                0x0041eacc                SchM_Enter_Port_PORT_EXCLUSIVE_AREA_04
                0x0041eb00                SchM_Exit_Port_PORT_EXCLUSIVE_AREA_04
                0x0041eb30                SchM_Enter_Port_PORT_EXCLUSIVE_AREA_05
                0x0041eb64                SchM_Exit_Port_PORT_EXCLUSIVE_AREA_05
                0x0041eb94                SchM_Enter_Port_PORT_EXCLUSIVE_AREA_06
                0x0041ebc8                SchM_Exit_Port_PORT_EXCLUSIVE_AREA_06
                0x0041ebf8                SchM_Enter_Port_PORT_EXCLUSIVE_AREA_07
                0x0041ec2c                SchM_Exit_Port_PORT_EXCLUSIVE_AREA_07
                0x0041ec5c                SchM_Enter_Port_PORT_EXCLUSIVE_AREA_08
                0x0041ec90                SchM_Exit_Port_PORT_EXCLUSIVE_AREA_08
                0x0041ecc0                SchM_Enter_Port_PORT_EXCLUSIVE_AREA_09
                0x0041ecf4                SchM_Exit_Port_PORT_EXCLUSIVE_AREA_09
                0x0041ed24                SchM_Enter_Port_PORT_EXCLUSIVE_AREA_10
                0x0041ed58                SchM_Exit_Port_PORT_EXCLUSIVE_AREA_10
                0x0041ed88                SchM_Enter_Port_PORT_EXCLUSIVE_AREA_11
                0x0041edbc                SchM_Exit_Port_PORT_EXCLUSIVE_AREA_11
                0x0041edec                SchM_Enter_Port_PORT_EXCLUSIVE_AREA_12
                0x0041ee20                SchM_Exit_Port_PORT_EXCLUSIVE_AREA_12
                0x0041ee50                SchM_Enter_Port_PORT_EXCLUSIVE_AREA_13
                0x0041ee84                SchM_Exit_Port_PORT_EXCLUSIVE_AREA_13
                0x0041eeb4                SchM_Enter_Port_PORT_EXCLUSIVE_AREA_14
                0x0041eee8                SchM_Exit_Port_PORT_EXCLUSIVE_AREA_14
                0x0041ef18                SchM_Enter_Port_PORT_EXCLUSIVE_AREA_15
                0x0041ef4c                SchM_Exit_Port_PORT_EXCLUSIVE_AREA_15
                0x0041ef7c                SchM_Enter_Port_PORT_EXCLUSIVE_AREA_16
                0x0041efb0                SchM_Exit_Port_PORT_EXCLUSIVE_AREA_16
                0x0041efe0                SchM_Enter_Port_PORT_EXCLUSIVE_AREA_17
                0x0041f014                SchM_Exit_Port_PORT_EXCLUSIVE_AREA_17
                0x0041f044                SchM_Enter_Port_PORT_EXCLUSIVE_AREA_18
                0x0041f078                SchM_Exit_Port_PORT_EXCLUSIVE_AREA_18
                0x0041f0a8                SchM_Enter_Port_PORT_EXCLUSIVE_AREA_19
                0x0041f0dc                SchM_Exit_Port_PORT_EXCLUSIVE_AREA_19
                0x0041f10c                SchM_Enter_Port_PORT_EXCLUSIVE_AREA_20
                0x0041f140                SchM_Exit_Port_PORT_EXCLUSIVE_AREA_20
                0x0041f170                SchM_Enter_Port_PORT_EXCLUSIVE_AREA_21
                0x0041f1a4                SchM_Exit_Port_PORT_EXCLUSIVE_AREA_21
                0x0041f1d4                SchM_Enter_Port_PORT_EXCLUSIVE_AREA_22
                0x0041f208                SchM_Exit_Port_PORT_EXCLUSIVE_AREA_22
                0x0041f238                SchM_Enter_Port_PORT_EXCLUSIVE_AREA_23
                0x0041f26c                SchM_Exit_Port_PORT_EXCLUSIVE_AREA_23
                0x0041f29c                SchM_Enter_Port_PORT_EXCLUSIVE_AREA_24
                0x0041f2d0                SchM_Exit_Port_PORT_EXCLUSIVE_AREA_24
                0x0041f300                SchM_Enter_Port_PORT_EXCLUSIVE_AREA_25
                0x0041f334                SchM_Exit_Port_PORT_EXCLUSIVE_AREA_25
                0x0041f364                SchM_Enter_Port_PORT_EXCLUSIVE_AREA_26
                0x0041f398                SchM_Exit_Port_PORT_EXCLUSIVE_AREA_26
                0x0041f3c8                SchM_Enter_Port_PORT_EXCLUSIVE_AREA_27
                0x0041f3fc                SchM_Exit_Port_PORT_EXCLUSIVE_AREA_27
 .mcal_text     0x0041f42c      0xdac ./RTD/src/SchM_Pwm.o
                0x0041f42c                SchM_Enter_Pwm_PWM_EXCLUSIVE_AREA_00
                0x0041f460                SchM_Exit_Pwm_PWM_EXCLUSIVE_AREA_00
                0x0041f490                SchM_Enter_Pwm_PWM_EXCLUSIVE_AREA_01
                0x0041f4c4                SchM_Exit_Pwm_PWM_EXCLUSIVE_AREA_01
                0x0041f4f4                SchM_Enter_Pwm_PWM_EXCLUSIVE_AREA_02
                0x0041f528                SchM_Exit_Pwm_PWM_EXCLUSIVE_AREA_02
                0x0041f558                SchM_Enter_Pwm_PWM_EXCLUSIVE_AREA_03
                0x0041f58c                SchM_Exit_Pwm_PWM_EXCLUSIVE_AREA_03
                0x0041f5bc                SchM_Enter_Pwm_PWM_EXCLUSIVE_AREA_04
                0x0041f5f0                SchM_Exit_Pwm_PWM_EXCLUSIVE_AREA_04
                0x0041f620                SchM_Enter_Pwm_PWM_EXCLUSIVE_AREA_05
                0x0041f654                SchM_Exit_Pwm_PWM_EXCLUSIVE_AREA_05
                0x0041f684                SchM_Enter_Pwm_PWM_EXCLUSIVE_AREA_06
                0x0041f6b8                SchM_Exit_Pwm_PWM_EXCLUSIVE_AREA_06
                0x0041f6e8                SchM_Enter_Pwm_PWM_EXCLUSIVE_AREA_07
                0x0041f71c                SchM_Exit_Pwm_PWM_EXCLUSIVE_AREA_07
                0x0041f74c                SchM_Enter_Pwm_PWM_EXCLUSIVE_AREA_08
                0x0041f780                SchM_Exit_Pwm_PWM_EXCLUSIVE_AREA_08
                0x0041f7b0                SchM_Enter_Pwm_PWM_EXCLUSIVE_AREA_09
                0x0041f7e4                SchM_Exit_Pwm_PWM_EXCLUSIVE_AREA_09
                0x0041f814                SchM_Enter_Pwm_PWM_EXCLUSIVE_AREA_10
                0x0041f848                SchM_Exit_Pwm_PWM_EXCLUSIVE_AREA_10
                0x0041f878                SchM_Enter_Pwm_PWM_EXCLUSIVE_AREA_11
                0x0041f8ac                SchM_Exit_Pwm_PWM_EXCLUSIVE_AREA_11
                0x0041f8dc                SchM_Enter_Pwm_PWM_EXCLUSIVE_AREA_12
                0x0041f910                SchM_Exit_Pwm_PWM_EXCLUSIVE_AREA_12
                0x0041f940                SchM_Enter_Pwm_PWM_EXCLUSIVE_AREA_13
                0x0041f974                SchM_Exit_Pwm_PWM_EXCLUSIVE_AREA_13
                0x0041f9a4                SchM_Enter_Pwm_PWM_EXCLUSIVE_AREA_14
                0x0041f9d8                SchM_Exit_Pwm_PWM_EXCLUSIVE_AREA_14
                0x0041fa08                SchM_Enter_Pwm_PWM_EXCLUSIVE_AREA_15
                0x0041fa3c                SchM_Exit_Pwm_PWM_EXCLUSIVE_AREA_15
                0x0041fa6c                SchM_Enter_Pwm_PWM_EXCLUSIVE_AREA_16
                0x0041faa0                SchM_Exit_Pwm_PWM_EXCLUSIVE_AREA_16
                0x0041fad0                SchM_Enter_Pwm_PWM_EXCLUSIVE_AREA_17
                0x0041fb04                SchM_Exit_Pwm_PWM_EXCLUSIVE_AREA_17
                0x0041fb34                SchM_Enter_Pwm_PWM_EXCLUSIVE_AREA_18
                0x0041fb68                SchM_Exit_Pwm_PWM_EXCLUSIVE_AREA_18
                0x0041fb98                SchM_Enter_Pwm_PWM_EXCLUSIVE_AREA_19
                0x0041fbcc                SchM_Exit_Pwm_PWM_EXCLUSIVE_AREA_19
                0x0041fbfc                SchM_Enter_Pwm_PWM_EXCLUSIVE_AREA_20
                0x0041fc30                SchM_Exit_Pwm_PWM_EXCLUSIVE_AREA_20
                0x0041fc60                SchM_Enter_Pwm_PWM_EXCLUSIVE_AREA_21
                0x0041fc94                SchM_Exit_Pwm_PWM_EXCLUSIVE_AREA_21
                0x0041fcc4                SchM_Enter_Pwm_PWM_EXCLUSIVE_AREA_22
                0x0041fcf8                SchM_Exit_Pwm_PWM_EXCLUSIVE_AREA_22
                0x0041fd28                SchM_Enter_Pwm_PWM_EXCLUSIVE_AREA_23
                0x0041fd5c                SchM_Exit_Pwm_PWM_EXCLUSIVE_AREA_23
                0x0041fd8c                SchM_Enter_Pwm_PWM_EXCLUSIVE_AREA_24
                0x0041fdc0                SchM_Exit_Pwm_PWM_EXCLUSIVE_AREA_24
                0x0041fdf0                SchM_Enter_Pwm_PWM_EXCLUSIVE_AREA_25
                0x0041fe24                SchM_Exit_Pwm_PWM_EXCLUSIVE_AREA_25
                0x0041fe54                SchM_Enter_Pwm_PWM_EXCLUSIVE_AREA_26
                0x0041fe88                SchM_Exit_Pwm_PWM_EXCLUSIVE_AREA_26
                0x0041feb8                SchM_Enter_Pwm_PWM_EXCLUSIVE_AREA_27
                0x0041feec                SchM_Exit_Pwm_PWM_EXCLUSIVE_AREA_27
                0x0041ff1c                SchM_Enter_Pwm_PWM_EXCLUSIVE_AREA_28
                0x0041ff50                SchM_Exit_Pwm_PWM_EXCLUSIVE_AREA_28
                0x0041ff80                SchM_Enter_Pwm_PWM_EXCLUSIVE_AREA_29
                0x0041ffb4                SchM_Exit_Pwm_PWM_EXCLUSIVE_AREA_29
                0x0041ffe4                SchM_Enter_Pwm_PWM_EXCLUSIVE_AREA_30
                0x00420018                SchM_Exit_Pwm_PWM_EXCLUSIVE_AREA_30
                0x00420048                SchM_Enter_Pwm_PWM_EXCLUSIVE_AREA_31
                0x0042007c                SchM_Exit_Pwm_PWM_EXCLUSIVE_AREA_31
                0x004200ac                SchM_Enter_Pwm_PWM_EXCLUSIVE_AREA_32
                0x004200e0                SchM_Exit_Pwm_PWM_EXCLUSIVE_AREA_32
                0x00420110                SchM_Enter_Pwm_PWM_EXCLUSIVE_AREA_33
                0x00420144                SchM_Exit_Pwm_PWM_EXCLUSIVE_AREA_33
                0x00420174                SchM_Enter_Pwm_PWM_EXCLUSIVE_AREA_34
                0x004201a8                SchM_Exit_Pwm_PWM_EXCLUSIVE_AREA_34
 .mcal_text     0x004201d8      0x76c ./RTD/src/SchM_Spi.o
                0x004201d8                SchM_Enter_Spi_SPI_EXCLUSIVE_AREA_00
                0x0042020c                SchM_Exit_Spi_SPI_EXCLUSIVE_AREA_00
                0x0042023c                SchM_Enter_Spi_SPI_EXCLUSIVE_AREA_01
                0x00420270                SchM_Exit_Spi_SPI_EXCLUSIVE_AREA_01
                0x004202a0                SchM_Enter_Spi_SPI_EXCLUSIVE_AREA_02
                0x004202d4                SchM_Exit_Spi_SPI_EXCLUSIVE_AREA_02
                0x00420304                SchM_Enter_Spi_SPI_EXCLUSIVE_AREA_03